Archive member included because of file (symbol)

d:/software/dave_4-4-2_64bit_2018-02-23/dave_4-4-2_64bit_2018-02-23/dave-ide-4.4.2-64bit/dave-ide-4.4.2-64bit/eclipse/arm-gcc-49/bin/../lib/gcc/arm-none-eabi/4.9.3/armv6-m\libgcc.a(_udivsi3.o)
                              ./interrupts/interrupts.o (__aeabi_uidiv)
d:/software/dave_4-4-2_64bit_2018-02-23/dave_4-4-2_64bit_2018-02-23/dave-ide-4.4.2-64bit/dave-ide-4.4.2-64bit/eclipse/arm-gcc-49/bin/../lib/gcc/arm-none-eabi/4.9.3/armv6-m\libgcc.a(_divsi3.o)
                              ./interrupts/interrupts.o (__aeabi_idiv)
d:/software/dave_4-4-2_64bit_2018-02-23/dave_4-4-2_64bit_2018-02-23/dave-ide-4.4.2-64bit/dave-ide-4.4.2-64bit/eclipse/arm-gcc-49/bin/../lib/gcc/arm-none-eabi/4.9.3/armv6-m\libgcc.a(_dvmd_tls.o)
                              d:/software/dave_4-4-2_64bit_2018-02-23/dave_4-4-2_64bit_2018-02-23/dave-ide-4.4.2-64bit/dave-ide-4.4.2-64bit/eclipse/arm-gcc-49/bin/../lib/gcc/arm-none-eabi/4.9.3/armv6-m\libgcc.a(_udivsi3.o) (__aeabi_idiv0)
d:/software/dave_4-4-2_64bit_2018-02-23/dave_4-4-2_64bit_2018-02-23/dave-ide-4.4.2-64bit/dave-ide-4.4.2-64bit/eclipse/arm-gcc-49/bin/../lib/gcc/arm-none-eabi/4.9.3/armv6-m\libgcc.a(_arm_cmpdf2.o)
                              ./interrupts/interrupts.o (__aeabi_dcmple)
d:/software/dave_4-4-2_64bit_2018-02-23/dave_4-4-2_64bit_2018-02-23/dave-ide-4.4.2-64bit/dave-ide-4.4.2-64bit/eclipse/arm-gcc-49/bin/../lib/gcc/arm-none-eabi/4.9.3/armv6-m\libgcc.a(_arm_cmpsf2.o)
                              ./operation/operation.o (__aeabi_fcmplt)
d:/software/dave_4-4-2_64bit_2018-02-23/dave_4-4-2_64bit_2018-02-23/dave-ide-4.4.2-64bit/dave-ide-4.4.2-64bit/eclipse/arm-gcc-49/bin/../lib/gcc/arm-none-eabi/4.9.3/armv6-m\libgcc.a(_fixunssfsi.o)
                              ./interrupts/interrupts.o (__aeabi_f2uiz)
d:/software/dave_4-4-2_64bit_2018-02-23/dave_4-4-2_64bit_2018-02-23/dave-ide-4.4.2-64bit/dave-ide-4.4.2-64bit/eclipse/arm-gcc-49/bin/../lib/gcc/arm-none-eabi/4.9.3/armv6-m\libgcc.a(divsf3.o)
                              ./Libraries/XMCLib/src/xmc_usic.o (__aeabi_fdiv)
d:/software/dave_4-4-2_64bit_2018-02-23/dave_4-4-2_64bit_2018-02-23/dave-ide-4.4.2-64bit/dave-ide-4.4.2-64bit/eclipse/arm-gcc-49/bin/../lib/gcc/arm-none-eabi/4.9.3/armv6-m\libgcc.a(eqsf2.o)
                              d:/software/dave_4-4-2_64bit_2018-02-23/dave_4-4-2_64bit_2018-02-23/dave-ide-4.4.2-64bit/dave-ide-4.4.2-64bit/eclipse/arm-gcc-49/bin/../lib/gcc/arm-none-eabi/4.9.3/armv6-m\libgcc.a(_arm_cmpsf2.o) (__eqsf2)
d:/software/dave_4-4-2_64bit_2018-02-23/dave_4-4-2_64bit_2018-02-23/dave-ide-4.4.2-64bit/dave-ide-4.4.2-64bit/eclipse/arm-gcc-49/bin/../lib/gcc/arm-none-eabi/4.9.3/armv6-m\libgcc.a(gesf2.o)
                              d:/software/dave_4-4-2_64bit_2018-02-23/dave_4-4-2_64bit_2018-02-23/dave-ide-4.4.2-64bit/dave-ide-4.4.2-64bit/eclipse/arm-gcc-49/bin/../lib/gcc/arm-none-eabi/4.9.3/armv6-m\libgcc.a(_arm_cmpsf2.o) (__gesf2)
d:/software/dave_4-4-2_64bit_2018-02-23/dave_4-4-2_64bit_2018-02-23/dave-ide-4.4.2-64bit/dave-ide-4.4.2-64bit/eclipse/arm-gcc-49/bin/../lib/gcc/arm-none-eabi/4.9.3/armv6-m\libgcc.a(lesf2.o)
                              d:/software/dave_4-4-2_64bit_2018-02-23/dave_4-4-2_64bit_2018-02-23/dave-ide-4.4.2-64bit/dave-ide-4.4.2-64bit/eclipse/arm-gcc-49/bin/../lib/gcc/arm-none-eabi/4.9.3/armv6-m\libgcc.a(_arm_cmpsf2.o) (__lesf2)
d:/software/dave_4-4-2_64bit_2018-02-23/dave_4-4-2_64bit_2018-02-23/dave-ide-4.4.2-64bit/dave-ide-4.4.2-64bit/eclipse/arm-gcc-49/bin/../lib/gcc/arm-none-eabi/4.9.3/armv6-m\libgcc.a(mulsf3.o)
                              ./interrupts/interrupts.o (__aeabi_fmul)
d:/software/dave_4-4-2_64bit_2018-02-23/dave_4-4-2_64bit_2018-02-23/dave-ide-4.4.2-64bit/dave-ide-4.4.2-64bit/eclipse/arm-gcc-49/bin/../lib/gcc/arm-none-eabi/4.9.3/armv6-m\libgcc.a(subsf3.o)
                              d:/software/dave_4-4-2_64bit_2018-02-23/dave_4-4-2_64bit_2018-02-23/dave-ide-4.4.2-64bit/dave-ide-4.4.2-64bit/eclipse/arm-gcc-49/bin/../lib/gcc/arm-none-eabi/4.9.3/armv6-m\libgcc.a(_fixunssfsi.o) (__aeabi_fsub)
d:/software/dave_4-4-2_64bit_2018-02-23/dave_4-4-2_64bit_2018-02-23/dave-ide-4.4.2-64bit/dave-ide-4.4.2-64bit/eclipse/arm-gcc-49/bin/../lib/gcc/arm-none-eabi/4.9.3/armv6-m\libgcc.a(fixsfsi.o)
                              d:/software/dave_4-4-2_64bit_2018-02-23/dave_4-4-2_64bit_2018-02-23/dave-ide-4.4.2-64bit/dave-ide-4.4.2-64bit/eclipse/arm-gcc-49/bin/../lib/gcc/arm-none-eabi/4.9.3/armv6-m\libgcc.a(_fixunssfsi.o) (__aeabi_f2iz)
d:/software/dave_4-4-2_64bit_2018-02-23/dave_4-4-2_64bit_2018-02-23/dave-ide-4.4.2-64bit/dave-ide-4.4.2-64bit/eclipse/arm-gcc-49/bin/../lib/gcc/arm-none-eabi/4.9.3/armv6-m\libgcc.a(floatsisf.o)
                              ./interrupts/interrupts.o (__aeabi_i2f)
d:/software/dave_4-4-2_64bit_2018-02-23/dave_4-4-2_64bit_2018-02-23/dave-ide-4.4.2-64bit/dave-ide-4.4.2-64bit/eclipse/arm-gcc-49/bin/../lib/gcc/arm-none-eabi/4.9.3/armv6-m\libgcc.a(floatunsisf.o)
[...]
Memory Configuration

Name             Origin             Length             Attributes
FLASH            0x10001000         0x00032000         xr
SRAM             0x20000000         0x00004000         !xr
*default*        0x00000000         0xffffffff

Linker script and memory map

LOAD ./variables/variables.o
LOAD ./operation/operation.o
LOAD ./interrupts/interrupts.o
LOAD ./interconnect/timing/timing_op.o
LOAD ./interconnect/timing/timing_op_conf.o
LOAD ./interconnect/pdu/pdu_op.o
LOAD ./interconnect/pdu/pdu_op_conf.o
LOAD ./interconnect/pcs/pcs_op.o
LOAD ./interconnect/pcs/pcs_op_conf.o
LOAD ./interconnect/gpios/gpio_op.o
LOAD ./interconnect/gpios/gpio_op_conf.o
LOAD ./interconnect/genix/genix_op.o
LOAD ./interconnect/genix/genix_op_conf.o
LOAD ./interconnect/esp32/esp32_op.o
LOAD ./interconnect/esp32/esp32_op_conf.o
LOAD ./Startup/startup_XMC1400.o
LOAD ./Startup/system_XMC1400.o
LOAD ./Libraries/XMCLib/src/xmc1_eru.o
LOAD ./Libraries/XMCLib/src/xmc1_flash.o
LOAD ./Libraries/XMCLib/src/xmc1_gpio.o
LOAD ./Libraries/XMCLib/src/xmc1_rtc.o
LOAD ./Libraries/XMCLib/src/xmc1_scu.o
LOAD ./Libraries/XMCLib/src/xmc_acmp.o
LOAD ./Libraries/XMCLib/src/xmc_bccu.o
LOAD ./Libraries/XMCLib/src/xmc_can.o
LOAD ./Libraries/XMCLib/src/xmc_ccu4.o
LOAD ./Libraries/XMCLib/src/xmc_ccu8.o
LOAD ./Libraries/XMCLib/src/xmc_common.o
LOAD ./Libraries/XMCLib/src/xmc_eru.o
LOAD ./Libraries/XMCLib/src/xmc_gpio.o
LOAD ./Libraries/XMCLib/src/xmc_i2c.o
LOAD ./Libraries/XMCLib/src/xmc_i2s.o
LOAD ./Libraries/XMCLib/src/xmc_ledts.o
LOAD ./Libraries/XMCLib/src/xmc_math.o
LOAD ./Libraries/XMCLib/src/xmc_pau.o
LOAD ./Libraries/XMCLib/src/xmc_posif.o
LOAD ./Libraries/XMCLib/src/xmc_prng.o
LOAD ./Libraries/XMCLib/src/xmc_rtc.o
LOAD ./Libraries/XMCLib/src/xmc_spi.o
LOAD ./Libraries/XMCLib/src/xmc_uart.o
LOAD ./Libraries/XMCLib/src/xmc_usic.o
LOAD ./Libraries/XMCLib/src/xmc_vadc.o
LOAD ./Libraries/XMCLib/src/xmc_wdt.o
LOAD ./Libraries/Newlib/syscalls.o
LOAD ./main.o
LOAD d:/software/dave_4-4-2_64bit_2018-02-23/dave_4-4-2_64bit_2018-02-23/dave-ide-4.4.2-64bit/dave-ide-4.4.2-64bit/eclipse/arm-gcc-49/bin/../lib/gcc/arm-none-eabi/4.9.3/../../../../arm-none-eabi/lib/armv6-m\libm.a
START GROUP
LOAD d:/software/dave_4-4-2_64bit_2018-02-23/dave_4-4-2_64bit_2018-02-23/dave-ide-4.4.2-64bit/dave-ide-4.4.2-64bit/eclipse/arm-gcc-49/bin/../lib/gcc/arm-none-eabi/4.9.3/armv6-m\libgcc.a
LOAD d:/software/dave_4-4-2_64bit_2018-02-23/dave_4-4-2_64bit_2018-02-23/dave-ide-4.4.2-64bit/dave-ide-4.4.2-64bit/eclipse/arm-gcc-49/bin/../lib/gcc/arm-none-eabi/4.9.3/../../../../arm-none-eabi/lib/armv6-m\libg_nano.a
LOAD d:/software/dave_4-4-2_64bit_2018-02-23/dave_4-4-2_64bit_2018-02-23/dave-ide-4.4.2-64bit/dave-ide-4.4.2-64bit/eclipse/arm-gcc-49/bin/../lib/gcc/arm-none-eabi/4.9.3/../../../../arm-none-eabi/lib/armv6-m\libc_nano.a
END GROUP
START GROUP
LOAD d:/software/dave_4-4-2_64bit_2018-02-23/dave_4-4-2_64bit_2018-02-23/dave-ide-4.4.2-64bit/dave-ide-4.4.2-64bit/eclipse/arm-gcc-49/bin/../lib/gcc/arm-none-eabi/4.9.3/armv6-m\libgcc.a
LOAD d:/software/dave_4-4-2_64bit_2018-02-23/dave_4-4-2_64bit_2018-02-23/dave-ide-4.4.2-64bit/dave-ide-4.4.2-64bit/eclipse/arm-gcc-49/bin/../lib/gcc/arm-none-eabi/4.9.3/../../../../arm-none-eabi/lib/armv6-m\libc_nano.a
LOAD d:/software/dave_4-4-2_64bit_2018-02-23/dave_4-4-2_64bit_2018-02-23/dave-ide-4.4.2-64bit/dave-ide-4.4.2-64bit/eclipse/arm-gcc-49/bin/../lib/gcc/arm-none-eabi/4.9.3/../../../../arm-none-eabi/lib/armv6-m\libnosys.a
END GROUP
START GROUP
LOAD d:/software/dave_4-4-2_64bit_2018-02-23/dave_4-4-2_64bit_2018-02-23/dave-ide-4.4.2-64bit/dave-ide-4.4.2-64bit/eclipse/arm-gcc-49/bin/../lib/gcc/arm-none-eabi/4.9.3/armv6-m\libgcc.a
LOAD d:/software/dave_4-4-2_64bit_2018-02-23/dave_4-4-2_64bit_2018-02-23/dave-ide-4.4.2-64bit/dave-ide-4.4.2-64bit/eclipse/arm-gcc-49/bin/../lib/gcc/arm-none-eabi/4.9.3/../../../../arm-none-eabi/lib/armv6-m\libc_nano.a
LOAD d:/software/dave_4-4-2_64bit_2018-02-23/dave_4-4-2_64bit_2018-02-23/dave-ide-4.4.2-64bit/dave-ide-4.4.2-64bit/eclipse/arm-gcc-49/bin/../lib/gcc/arm-none-eabi/4.9.3/../../../../arm-none-eabi/lib/armv6-m\libnosys.a
END GROUP
                0x00000400                stack_size = DEFINED (stack_size)?stack_size:0x400
                0x00000004                no_init_size = 0x4

.text           0x10001000     0xc178
                0x10001000                sText = .
 *(.reset)
 .reset         0x10001000       0xa0 ./Startup/startup_XMC1400.o
                0x10001000                __Vectors
                0x1000101c                Reset_Handler
                0x1000109c                SysTick_Handler
                0x1000109c                IRQ0_Handler
                0x1000109c                IRQ5_Handler
                0x1000109c                PendSV_Handler
                0x1000109c                IRQ16_Handler
                0x1000109c                HardFault_Handler
                0x1000109c                IRQ25_Handler
                0x1000109c                IRQ22_Handler
                0x1000109c                IRQ29_Handler
                0x1000109c                IRQ20_Handler
                0x1000109c                IRQ13_Handler
                0x1000109c                IRQ4_Handler
                0x1000109c                IRQ30_Handler
                0x1000109c                IRQ31_Handler
                0x1000109c                IRQ28_Handler
                0x1000109c                IRQ2_Handler
                0x1000109c                IRQ10_Handler
                0x1000109c                SVC_Handler
                0x1000109c                IRQ1_Handler
                0x1000109c                IRQ6_Handler
                0x1000109c                IRQ15_Handler
                0x1000109c                IRQ11_Handler
                0x1000109c                IRQ14_Handler
                0x1000109c                IRQ9_Handler
                0x1000109c                IRQ8_Handler
                0x1000109c                IRQ3_Handler
                0x1000109c                IRQ27_Handler
                0x1000109c                IRQ26_Handler
                0x1000109c                IRQ17_Handler
 *(.text .text.* .gnu.linkonce.t.*)
 .text.XMC_GPIO_GetInput
                0x100010a0       0x28 ./operation/operation.o
 .text.OP_SetupConnection
                0x100010c8      0x10c ./operation/operation.o
                0x100010c8                OP_SetupConnection
 .text.OP_TurnOnPCS
                0x100011d4      0x160 ./operation/operation.o
                0x100011d4                OP_TurnOnPCS
 .text.OP_CheckingPCSStatus
                0x10001334      0x128 ./operation/operation.o
                0x10001334                OP_CheckingPCSStatus
 .text.OP_PutSystemStandby
                0x1000145c       0x70 ./operation/operation.o
                0x1000145c                OP_PutSystemStandby
 .text.OP_HandlingPCSWarning
                0x100014cc       0x5c ./operation/operation.o
                0x100014cc                OP_HandlingPCSWarning
 .text.OP_PutSystemShutDown
                0x10001528       0x84 ./operation/operation.o
                0x10001528                OP_PutSystemShutDown
 .text.OP_CheckingMode
                0x100015ac       0x8c ./operation/operation.o
                0x100015ac                OP_CheckingMode
 .text.OP_CheckingError
                0x10001638       0x3c ./operation/operation.o
                0x10001638                OP_CheckingError
 .text.__NVIC_ClearPendingIRQ
                0x10001674       0x34 ./interrupts/interrupts.o
 .text.XMC_GPIO_SetOutputLow
                0x100016a8       0x24 ./interrupts/interrupts.o
 .text.XMC_GPIO_ToggleOutput
                0x100016cc       0x24 ./interrupts/interrupts.o
 .text.XMC_UART_CH_ClearStatusFlag
                0x100016f0       0x18 ./interrupts/interrupts.o
 .text.XMC_CCU4_SLICE_ClearEvent
                0x10001708       0x24 ./interrupts/interrupts.o
 .text.XMC_VADC_GROUP_GetResult
                0x1000172c       0x20 ./interrupts/interrupts.o
 .text.XMC_VADC_GROUP_ClearResultEvent
                0x1000174c       0x20 ./interrupts/interrupts.o
 .text.IRQ12_Handler
                0x1000176c      0x248 ./interrupts/interrupts.o
                0x1000176c                IRQ12_Handler
 .text.IRQ18_Handler
                0x100019b4      0x140 ./interrupts/interrupts.o
                0x100019b4                IRQ18_Handler
 .text.IRQ7_Handler
                0x10001af4      0x73c ./interrupts/interrupts.o
                0x10001af4                IRQ7_Handler
 .text.IRQ19_Handler
                0x10002230      0x22c ./interrupts/interrupts.o
                0x10002230                IRQ19_Handler
 .text.IRQ23_Handler
                0x1000245c       0x1c ./interrupts/interrupts.o
                0x1000245c                IRQ23_Handler
 .text.IRQ24_Handler
                0x10002478      0x2f4 ./interrupts/interrupts.o
                0x10002478                IRQ24_Handler
 .text.IRQ21_Handler
                0x1000276c       0x98 ./interrupts/interrupts.o
                0x1000276c                IRQ21_Handler
 .text.__NVIC_EnableIRQ
                0x10002804       0x34 ./interconnect/timing/timing_op.o
 .text.__NVIC_SetPriority
                0x10002838       0xd4 ./interconnect/timing/timing_op.o
 .text.XMC_CCU4_StartPrescaler
                0x1000290c       0x18 ./interconnect/timing/timing_op.o
 .text.XMC_CCU4_EnableClock
                0x10002924       0x20 ./interconnect/timing/timing_op.o
 .text.XMC_CCU4_SLICE_StartTimer
                0x10002944       0x14 ./interconnect/timing/timing_op.o
 .text.XMC_CCU4_SLICE_SetTimerPeriodMatch
                0x10002958       0x1c ./interconnect/timing/timing_op.o
 .text.XMC_CCU4_SLICE_SetTimerCompareMatch
                0x10002974       0x1c ./interconnect/timing/timing_op.o
 .text.XMC_CCU4_EnableShadowTransfer
                0x10002990       0x18 ./interconnect/timing/timing_op.o
 .text.XMC_CCU4_SLICE_EnableEvent
                0x100029a8       0x2c ./interconnect/timing/timing_op.o
 .text.TIMING_TimerInit
                0x100029d4      0x188 ./interconnect/timing/timing_op.o
                0x100029d4                TIMING_TimerInit
 .text.__NVIC_EnableIRQ
                0x10002b5c       0x34 ./interconnect/pdu/pdu_op.o
 .text.__NVIC_SetPriority
                0x10002b90       0xd4 ./interconnect/pdu/pdu_op.o
 .text.XMC_VADC_GROUP_QueueTriggerConversion
                0x10002c64       0x28 ./interconnect/pdu/pdu_op.o
 .text.XMC_VADC_GROUP_QueueInsertChannel
                0x10002c8c       0x1c ./interconnect/pdu/pdu_op.o
 .text.XMC_VADC_GROUP_ResultInit
                0x10002ca8       0x20 ./interconnect/pdu/pdu_op.o
 .text.XMC_GPIO_SetOutputLevel
                0x10002cc8       0x28 ./interconnect/pdu/pdu_op.o
 .text.PDU_SensorADC_Init
                0x10002cf0      0x178 ./interconnect/pdu/pdu_op.o
                0x10002cf0                PDU_SensorADC_Init
 .text.PDU_Relay_Init
                0x10002e68       0x54 ./interconnect/pdu/pdu_op.o
                0x10002e68                PDU_Relay_Init
 .text.PDU_Switch_Relay
                0x10002ebc       0xd8 ./interconnect/pdu/pdu_op.o
                0x10002ebc                PDU_Switch_Relay
 .text.PDU_ADC_Start
                0x10002f94       0x14 ./interconnect/pdu/pdu_op.o
                0x10002f94                PDU_ADC_Start
 .text.__NVIC_EnableIRQ
                0x10002fa8       0x34 ./interconnect/pcs/pcs_op.o
 .text.__NVIC_SetPriority
                0x10002fdc       0xd4 ./interconnect/pcs/pcs_op.o
 .text.XMC_CAN_NODE_SetReceiveInput
                0x100030b0       0x2c ./interconnect/pcs/pcs_op.o
 .text.XMC_CAN_NODE_EnableConfigurationChange
                0x100030dc       0x1c ./interconnect/pcs/pcs_op.o
 .text.XMC_CAN_NODE_DisableConfigurationChange
                0x100030f8       0x1c ./interconnect/pcs/pcs_op.o
 .text.XMC_CAN_NODE_ResetInitBit
                0x10003114       0x1c ./interconnect/pcs/pcs_op.o
 .text.XMC_CAN_MO_SetEventNodePointer
                0x10003130       0x44 ./interconnect/pcs/pcs_op.o
 .text.XMC_CAN_MO_EnableEvent
                0x10003174       0x20 ./interconnect/pcs/pcs_op.o
 .text.PCS_ConnectionInit
                0x10003194       0xf4 ./interconnect/pcs/pcs_op.o
                0x10003194                PCS_ConnectionInit
 .text.PCS_BMUTransmitToPCS
                0x10003288      0x120 ./interconnect/pcs/pcs_op.o
                0x10003288                PCS_BMUTransmitToPCS
 .text.PCS_GetPCSStatus
                0x100033a8      0x198 ./interconnect/pcs/pcs_op.o
                0x100033a8                PCS_GetPCSStatus
 .text.PCS_GetDCGridStatus
                0x10003540      0x118 ./interconnect/pcs/pcs_op.o
                0x10003540                PCS_GetDCGridStatus
 .text.PCS_GetACInvStatus
                0x10003658      0x154 ./interconnect/pcs/pcs_op.o
                0x10003658                PCS_GetACInvStatus
 .text.PCS_GetPVConvStatus
                0x100037ac       0xe4 ./interconnect/pcs/pcs_op.o
                0x100037ac                PCS_GetPVConvStatus
 .text.PCS_GetBatConvStatus
                0x10003890      0x138 ./interconnect/pcs/pcs_op.o
                0x10003890                PCS_GetBatConvStatus
 .text.PCS_GetVoltParam
                0x100039c8       0x90 ./interconnect/pcs/pcs_op.o
                0x100039c8                PCS_GetVoltParam
 .text.PCS_GetAmpParam
                0x10003a58       0x88 ./interconnect/pcs/pcs_op.o
                0x10003a58                PCS_GetAmpParam
 .text.PCS_GetPowerParam
                0x10003ae0       0x90 ./interconnect/pcs/pcs_op.o
                0x10003ae0                PCS_GetPowerParam
 .text.PCS_GetMiscParam
                0x10003b70       0x6c ./interconnect/pcs/pcs_op.o
                0x10003b70                PCS_GetMiscParam
 .text.XMC_GPIO_SetOutputHigh
                0x10003bdc       0x20 ./interconnect/gpios/gpio_op.o
 .text.GPIO_Init
                0x10003bfc       0xac ./interconnect/gpios/gpio_op.o
                0x10003bfc                GPIO_Init
 .text.__NVIC_EnableIRQ
                0x10003ca8       0x34 ./interconnect/genix/genix_op.o
 .text.__NVIC_SetPriority
                0x10003cdc       0xd4 ./interconnect/genix/genix_op.o
 .text.XMC_USIC_CH_SetInputSource
                0x10003db0       0x48 ./interconnect/genix/genix_op.o
 .text.XMC_USIC_CH_GetTransmitBufferStatus
                0x10003df8       0x1c ./interconnect/genix/genix_op.o
 .text.XMC_UART_CH_Start
                0x10003e14       0x20 ./interconnect/genix/genix_op.o
 .text.XMC_UART_CH_SelectInterruptNodePointer
                0x10003e34       0x2c ./interconnect/genix/genix_op.o
 .text.XMC_UART_CH_ClearStatusFlag
                0x10003e60       0x18 ./interconnect/genix/genix_op.o
 .text.XMC_UART_CH_SetInputSource
                0x10003e78       0x54 ./interconnect/genix/genix_op.o
 .text.GENIX_ConnectionInit
                0x10003ecc       0x98 ./interconnect/genix/genix_op.o
                0x10003ecc                GENIX_ConnectionInit
 .text.GENIX_SendStream
                0x10003f64       0x70 ./interconnect/genix/genix_op.o
                0x10003f64                GENIX_SendStream
 .text.GENIX_RequestData
                0x10003fd4       0xd8 ./interconnect/genix/genix_op.o
                0x10003fd4                GENIX_RequestData
 .text.__NVIC_EnableIRQ
                0x100040ac       0x34 ./interconnect/esp32/esp32_op.o
 .text.__NVIC_SetPriority
                0x100040e0       0xd4 ./interconnect/esp32/esp32_op.o
 .text.XMC_USIC_CH_SetInputSource
                0x100041b4       0x48 ./interconnect/esp32/esp32_op.o
 .text.XMC_USIC_CH_GetTransmitBufferStatus
                0x100041fc       0x1c ./interconnect/esp32/esp32_op.o
 .text.XMC_UART_CH_Start
                0x10004218       0x20 ./interconnect/esp32/esp32_op.o
 .text.XMC_UART_CH_SelectInterruptNodePointer
                0x10004238       0x2c ./interconnect/esp32/esp32_op.o
 .text.XMC_UART_CH_ClearStatusFlag
                0x10004264       0x18 ./interconnect/esp32/esp32_op.o
 .text.XMC_UART_CH_SetInputSource
                0x1000427c       0x54 ./interconnect/esp32/esp32_op.o
 .text.ESP32_ConnectionInit
                0x100042d0       0xa0 ./interconnect/esp32/esp32_op.o
                0x100042d0                ESP32_ConnectionInit
 .text.ESP32_SendStream
                0x10004370       0x74 ./interconnect/esp32/esp32_op.o
                0x10004370                ESP32_SendStream
 .text.ESP32_Map_Data
                0x100043e4      0x5c0 ./interconnect/esp32/esp32_op.o
                0x100043e4                ESP32_Map_Data
 .text.ESP32_CRC16_table_init
                0x100049a4       0xa8 ./interconnect/esp32/esp32_op.o
                0x100049a4                ESP32_CRC16_table_init
 .text.ESP32_CRC16_Operation
                0x10004a4c       0xb4 ./interconnect/esp32/esp32_op.o
                0x10004a4c                ESP32_CRC16_Operation
 .text.ESP32_CRC8_maxim
                0x10004b00       0xb8 ./interconnect/esp32/esp32_op.o
                0x10004b00                ESP32_CRC8_maxim
 .text.SystemInit
                0x10004bb8       0x10 ./Startup/system_XMC1400.o
                0x10004bb8                SystemInit
 .text.SystemCoreSetup
                0x10004bc8       0x18 ./Startup/system_XMC1400.o
                0x10004bc8                SystemCoreSetup
 .text.SystemCoreClockSetup
                0x10004be0       0x3c ./Startup/system_XMC1400.o
                0x10004be0                SystemCoreClockSetup
 .text.SystemCoreClockUpdate
                0x10004c1c       0xc8 ./Startup/system_XMC1400.o
                0x10004c1c                SystemCoreClockUpdate
 .text.OSCHP_GetFrequency
                0x10004ce4       0x10 ./Startup/system_XMC1400.o
                0x10004ce4                OSCHP_GetFrequency
 .text.XMC_GPIO_Init
                0x10004cf4      0x17c ./Libraries/XMCLib/src/xmc1_gpio.o
                0x10004cf4                XMC_GPIO_Init
 .text.XMC_SCU_LockProtectedBits
                0x10004e70       0x14 ./Libraries/XMCLib/src/xmc1_scu.o
                0x10004e70                XMC_SCU_LockProtectedBits
 .text.XMC_SCU_UnlockProtectedBits
                0x10004e84       0x20 ./Libraries/XMCLib/src/xmc1_scu.o
                0x10004e84                XMC_SCU_UnlockProtectedBits
 .text.XMC_SCU_CLOCK_UngatePeripheralClock
                0x10004ea4       0x34 ./Libraries/XMCLib/src/xmc1_scu.o
                0x10004ea4                XMC_SCU_CLOCK_UngatePeripheralClock
 .text.XMC_SCU_CLOCK_IsPeripheralClockGated
                0x10004ed8       0x24 ./Libraries/XMCLib/src/xmc1_scu.o
                0x10004ed8                XMC_SCU_CLOCK_IsPeripheralClockGated
 .text.XMC_SCU_CLOCK_GetPeripheralClockFrequency
                0x10004efc       0x14 ./Libraries/XMCLib/src/xmc1_scu.o
                0x10004efc                XMC_SCU_CLOCK_GetPeripheralClockFrequency
 .text.XMC_SCU_SetInterruptControl
                0x10004f10       0x8c ./Libraries/XMCLib/src/xmc1_scu.o
                0x10004f10                XMC_SCU_SetInterruptControl
 .text.XMC_CAN_IsPanelControlReady
                0x10004f9c       0x24 ./Libraries/XMCLib/src/xmc_can.o
 .text.XMC_CAN_PanelControl
                0x10004fc0       0x4c ./Libraries/XMCLib/src/xmc_can.o
 .text.XMC_CAN_NODE_EnableConfigurationChange
                0x1000500c       0x1c ./Libraries/XMCLib/src/xmc_can.o
 .text.XMC_CAN_NODE_DisableConfigurationChange
                0x10005028       0x1c ./Libraries/XMCLib/src/xmc_can.o
 .text.max      0x10005044       0x1c ./Libraries/XMCLib/src/xmc_can.o
 .text.min      0x10005060       0x1c ./Libraries/XMCLib/src/xmc_can.o
 .text.XMC_CAN_NODE_NominalBitTimeConfigure
                0x1000507c      0x1d4 ./Libraries/XMCLib/src/xmc_can.o
                0x1000507c                XMC_CAN_NODE_NominalBitTimeConfigure
 .text.XMC_CAN_AllocateMOtoNodeList
                0x10005250       0x50 ./Libraries/XMCLib/src/xmc_can.o
                0x10005250                XMC_CAN_AllocateMOtoNodeList
 .text.XMC_CAN_Enable
                0x100052a0       0x34 ./Libraries/XMCLib/src/xmc_can.o
                0x100052a0                XMC_CAN_Enable
 .text.XMC_CAN_Init
                0x100052d4      0x120 ./Libraries/XMCLib/src/xmc_can.o
                0x100052d4                XMC_CAN_Init
 .text.XMC_CAN_SetBaudrateClockSource
                0x100053f4       0x34 ./Libraries/XMCLib/src/xmc_can.o
                0x100053f4                XMC_CAN_SetBaudrateClockSource
 .text.XMC_CAN_GetBaudrateClockSource
                0x10005428       0x20 ./Libraries/XMCLib/src/xmc_can.o
                0x10005428                XMC_CAN_GetBaudrateClockSource
 .text.XMC_CAN_GetBaudrateClockFrequency
                0x10005448       0x40 ./Libraries/XMCLib/src/xmc_can.o
                0x10005448                XMC_CAN_GetBaudrateClockFrequency
 .text.XMC_CAN_MO_Config
                0x10005488      0x140 ./Libraries/XMCLib/src/xmc_can.o
                0x10005488                XMC_CAN_MO_Config
 .text.XMC_CAN_MO_UpdateData
                0x100055c8       0x84 ./Libraries/XMCLib/src/xmc_can.o
                0x100055c8                XMC_CAN_MO_UpdateData
 .text.XMC_CAN_MO_Transmit
                0x1000564c       0x70 ./Libraries/XMCLib/src/xmc_can.o
                0x1000564c                XMC_CAN_MO_Transmit
 .text.XMC_CAN_MO_Receive
                0x100056bc      0x208 ./Libraries/XMCLib/src/xmc_can.o
                0x100056bc                XMC_CAN_MO_Receive
 .text.XMC_CCU4_StartPrescaler
                0x100058c4       0x18 ./Libraries/XMCLib/src/xmc_ccu4.o
 .text.XMC_CCU4_lUngateClock
                0x100058dc       0x38 ./Libraries/XMCLib/src/xmc_ccu4.o
 .text.XMC_CCU4_EnableModule
                0x10005914       0x18 ./Libraries/XMCLib/src/xmc_ccu4.o
                0x10005914                XMC_CCU4_EnableModule
 .text.XMC_CCU4_Init
                0x1000592c       0x48 ./Libraries/XMCLib/src/xmc_ccu4.o
                0x1000592c                XMC_CCU4_Init
 .text.XMC_CCU4_SetModuleClock
                0x10005974       0x34 ./Libraries/XMCLib/src/xmc_ccu4.o
                0x10005974                XMC_CCU4_SetModuleClock
 .text.XMC_CCU4_SLICE_CompareInit
                0x100059a8       0x68 ./Libraries/XMCLib/src/xmc_ccu4.o
                0x100059a8                XMC_CCU4_SLICE_CompareInit
 .text.XMC_CCU4_SLICE_SetInterruptNode
                0x10005a10       0x98 ./Libraries/XMCLib/src/xmc_ccu4.o
                0x10005a10                XMC_CCU4_SLICE_SetInterruptNode
 .text.XMC_UART_CH_Init
                0x10005aa8       0xd0 ./Libraries/XMCLib/src/xmc_uart.o
                0x10005aa8                XMC_UART_CH_Init
 .text.XMC_UART_CH_GetReceivedData
                0x10005b78       0x40 ./Libraries/XMCLib/src/xmc_uart.o
                0x10005b78                XMC_UART_CH_GetReceivedData
 .text.XMC_UART_CH_EnableEvent
                0x10005bb8       0x34 ./Libraries/XMCLib/src/xmc_uart.o
                0x10005bb8                XMC_UART_CH_EnableEvent
 .text.XMC_USIC_CH_Enable
                0x10005bec       0x78 ./Libraries/XMCLib/src/xmc_usic.o
                0x10005bec                XMC_USIC_CH_Enable
 .text.XMC_USIC_CH_SetBaudrate
                0x10005c64       0xec ./Libraries/XMCLib/src/xmc_usic.o
                0x10005c64                XMC_USIC_CH_SetBaudrate
 .text.XMC_USIC_CH_SetBaudrateEx
                0x10005d50      0x10c ./Libraries/XMCLib/src/xmc_usic.o
                0x10005d50                XMC_USIC_CH_SetBaudrateEx
 .text.XMC_USIC_CH_SetInterruptNodePointer
                0x10005e5c       0x40 ./Libraries/XMCLib/src/xmc_usic.o
                0x10005e5c                XMC_USIC_CH_SetInterruptNodePointer
 .text.XMC_USIC_Enable
                0x10005e9c       0x54 ./Libraries/XMCLib/src/xmc_usic.o
                0x10005e9c                XMC_USIC_Enable
 .text.XMC_VADC_GROUP_ExternalMuxControlInit
                0x10005ef0       0x90 ./Libraries/XMCLib/src/xmc_vadc.o
 .text.XMC_VADC_GROUP_QueueEnableArbitrationSlot
                0x10005f80       0x20 ./Libraries/XMCLib/src/xmc_vadc.o
 .text.XMC_VADC_GROUP_QueueDisableArbitrationSlot
                0x10005fa0       0x24 ./Libraries/XMCLib/src/xmc_vadc.o
 .text.XMC_VADC_GLOBAL_EnableModule
                0x10005fc4       0x10 ./Libraries/XMCLib/src/xmc_vadc.o
                0x10005fc4                XMC_VADC_GLOBAL_EnableModule
 .text.XMC_VADC_GLOBAL_Init
                0x10005fd4       0x58 ./Libraries/XMCLib/src/xmc_vadc.o
                0x10005fd4                XMC_VADC_GLOBAL_Init
 .text.XMC_VADC_GLOBAL_StartupCalibration
                0x1000602c       0x74 ./Libraries/XMCLib/src/xmc_vadc.o
                0x1000602c                XMC_VADC_GLOBAL_StartupCalibration
 .text.XMC_VADC_GROUP_Init
                0x100060a0       0x7c ./Libraries/XMCLib/src/xmc_vadc.o
                0x100060a0                XMC_VADC_GROUP_Init
 .text.XMC_VADC_GROUP_InputClassInit
                0x1000611c       0xd4 ./Libraries/XMCLib/src/xmc_vadc.o
                0x1000611c                XMC_VADC_GROUP_InputClassInit
 .text.XMC_VADC_GROUP_SetPowerMode
                0x100061f0       0x38 ./Libraries/XMCLib/src/xmc_vadc.o
                0x100061f0                XMC_VADC_GROUP_SetPowerMode
 .text.XMC_VADC_GROUP_QueueInit
                0x10006228       0xb0 ./Libraries/XMCLib/src/xmc_vadc.o
                0x10006228                XMC_VADC_GROUP_QueueInit
 .text.XMC_VADC_GROUP_ChannelInit
                0x100062d8       0xdc ./Libraries/XMCLib/src/xmc_vadc.o
                0x100062d8                XMC_VADC_GROUP_ChannelInit
 .text.XMC_VADC_GROUP_SetResultInterruptNode
                0x100063b4       0x98 ./Libraries/XMCLib/src/xmc_vadc.o
                0x100063b4                XMC_VADC_GROUP_SetResultInterruptNode
 .text._sbrk    0x1000644c       0x68 ./Libraries/Newlib/syscalls.o
                0x1000644c                _sbrk
 .text._init    0x100064b4        0x8 ./Libraries/Newlib/syscalls.o
                0x100064b4                _init
 .text.XMC_GPIO_SetOutputLevel
                0x100064bc       0x28 ./main.o
 .text.main     0x100064e4      0x290 ./main.o
                0x100064e4                main
 .text          0x10006774      0x120 d:/software/dave_4-4-2_64bit_2018-02-23/dave_4-4-2_64bit_2018-02-23/dave-ide-4.4.2-64bit/dave-ide-4.4.2-64bit/eclipse/arm-gcc-49/bin/../lib/gcc/arm-none-eabi/4.9.3/armv6-m\libgcc.a(_udivsi3.o)
                0x10006774                __aeabi_uidiv
                0x10006774                __udivsi3
                0x10006880                __aeabi_uidivmod
 .text          0x10006894      0x1e0 d:/software/dave_4-4-2_64bit_2018-02-23/dave_4-4-2_64bit_2018-02-23/dave-ide-4.4.2-64bit/dave-ide-4.4.2-64bit/eclipse/arm-gcc-49/bin/../lib/gcc/arm-none-eabi/4.9.3/armv6-m\libgcc.a(_divsi3.o)
                0x10006894                __divsi3
                0x10006894                __aeabi_idiv
                0x10006a60                __aeabi_idivmod
 .text          0x10006a74        0x4 d:/software/dave_4-4-2_64bit_2018-02-23/dave_4-4-2_64bit_2018-02-23/dave-ide-4.4.2-64bit/dave-ide-4.4.2-64bit/eclipse/arm-gcc-49/bin/../lib/gcc/arm-none-eabi/4.9.3/armv6-m\libgcc.a(_dvmd_tls.o)
                0x10006a74                __aeabi_idiv0
                0x10006a74                __aeabi_ldiv0
 .text          0x10006a78       0x7c d:/software/dave_4-4-2_64bit_2018-02-23/dave_4-4-2_64bit_2018-02-23/dave-ide-4.4.2-64bit/dave-ide-4.4.2-64bit/eclipse/arm-gcc-49/bin/../lib/gcc/arm-none-eabi/4.9.3/armv6-m\libgcc.a(_arm_cmpdf2.o)
                0x10006a78                __aeabi_cdrcmple
                0x10006a88                __aeabi_cdcmple
                0x10006a88                __aeabi_cdcmpeq
                0x10006a98                __aeabi_dcmpeq
                0x10006aa4                __aeabi_dcmplt
                0x10006ab8                __aeabi_dcmple
                0x10006acc                __aeabi_dcmpgt
                0x10006ae0                __aeabi_dcmpge
 .text          0x10006af4       0x74 d:/software/dave_4-4-2_64bit_2018-02-23/dave_4-4-2_64bit_2018-02-23/dave-ide-4.4.2-64bit/dave-ide-4.4.2-64bit/eclipse/arm-gcc-49/bin/../lib/gcc/arm-none-eabi/4.9.3/armv6-m\libgcc.a(_arm_cmpsf2.o)
                0x10006af4                __aeabi_cfrcmple
                0x10006afc                __aeabi_cfcmpeq
                0x10006afc                __aeabi_cfcmple
                0x10006b0c                __aeabi_fcmpeq
                0x10006b18                __aeabi_fcmplt
                0x10006b2c                __aeabi_fcmple
                0x10006b40                __aeabi_fcmpgt
                0x10006b54                __aeabi_fcmpge
 .text          0x10006b68       0x30 d:/software/dave_4-4-2_64bit_2018-02-23/dave_4-4-2_64bit_2018-02-23/dave-ide-4.4.2-64bit/dave-ide-4.4.2-64bit/eclipse/arm-gcc-49/bin/../lib/gcc/arm-none-eabi/4.9.3/armv6-m\libgcc.a(_fixunssfsi.o)
                0x10006b68                __fixunssfsi
                0x10006b68                __aeabi_f2uiz
 .text          0x10006b98       0x54 d:/software/dave_4-4-2_64bit_2018-02-23/dave_4-4-2_64bit_2018-02-23/dave-ide-4.4.2-64bit/dave-ide-4.4.2-64bit/eclipse/arm-gcc-49/bin/../lib/gcc/arm-none-eabi/4.9.3/armv6-m\libgcc.a(eqsf2.o)
                0x10006b98                __eqsf2
                0x10006b98                __nesf2
 .text          0x10006bec       0x94 d:/software/dave_4-4-2_64bit_2018-02-23/dave_4-4-2_64bit_2018-02-23/dave-ide-4.4.2-64bit/dave-ide-4.4.2-64bit/eclipse/arm-gcc-49/bin/../lib/gcc/arm-none-eabi/4.9.3/armv6-m\libgcc.a(gesf2.o)
                0x10006bec                __gesf2
                0x10006bec                __gtsf2
 .text          0x10006c80       0x8c d:/software/dave_4-4-2_64bit_2018-02-23/dave_4-4-2_64bit_2018-02-23/dave-ide-4.4.2-64bit/dave-ide-4.4.2-64bit/eclipse/arm-gcc-49/bin/../lib/gcc/arm-none-eabi/4.9.3/armv6-m\libgcc.a(lesf2.o)
                0x10006c80                __ltsf2
                0x10006c80                __lesf2
 .text          0x10006d0c      0x264 d:/software/dave_4-4-2_64bit_2018-02-23/dave_4-4-2_64bit_2018-02-23/dave-ide-4.4.2-64bit/dave-ide-4.4.2-64bit/eclipse/arm-gcc-49/bin/../lib/gcc/arm-none-eabi/4.9.3/armv6-m\libgcc.a(mulsf3.o)
                0x10006d0c                __aeabi_fmul
 .text          0x10006f70      0x2fc d:/software/dave_4-4-2_64bit_2018-02-23/dave_4-4-2_64bit_2018-02-23/dave-ide-4.4.2-64bit/dave-ide-4.4.2-64bit/eclipse/arm-gcc-49/bin/../lib/gcc/arm-none-eabi/4.9.3/armv6-m\libgcc.a(subsf3.o)
                0x10006f70                __aeabi_fsub
 .text          0x1000726c       0x40 d:/software/dave_4-4-2_64bit_2018-02-23/dave_4-4-2_64bit_2018-02-23/dave-ide-4.4.2-64bit/dave-ide-4.4.2-64bit/eclipse/arm-gcc-49/bin/../lib/gcc/arm-none-eabi/4.9.3/armv6-m\libgcc.a(fixsfsi.o)
                0x1000726c                __aeabi_f2iz
 .text          0x100072ac       0x90 d:/software/dave_4-4-2_64bit_2018-02-23/dave_4-4-2_64bit_2018-02-23/dave-ide-4.4.2-64bit/dave-ide-4.4.2-64bit/eclipse/arm-gcc-49/bin/../lib/gcc/arm-none-eabi/4.9.3/armv6-m\libgcc.a(floatsisf.o)
                0x100072ac                __aeabi_i2f
 .text          0x1000733c      0x650 d:/software/dave_4-4-2_64bit_2018-02-23/dave_4-4-2_64bit_2018-02-23/dave-ide-4.4.2-64bit/dave-ide-4.4.2-64bit/eclipse/arm-gcc-49/bin/../lib/gcc/arm-none-eabi/4.9.3/armv6-m\libgcc.a(adddf3.o)
                0x1000733c                __aeabi_dadd
 .text          0x1000798c       0x88 d:/software/dave_4-4-2_64bit_2018-02-23/dave_4-4-2_64bit_2018-02-23/dave-ide-4.4.2-64bit/dave-ide-4.4.2-64bit/eclipse/arm-gcc-49/bin/../lib/gcc/arm-none-eabi/4.9.3/armv6-m\libgcc.a(eqdf2.o)
                0x1000798c                __nedf2
                0x1000798c                __eqdf2
 .text          0x10007a14       0xe0 d:/software/dave_4-4-2_64bit_2018-02-23/dave_4-4-2_64bit_2018-02-23/dave-ide-4.4.2-64bit/dave-ide-4.4.2-64bit/eclipse/arm-gcc-49/bin/../lib/gcc/arm-none-eabi/4.9.3/armv6-m\libgcc.a(gedf2.o)
                0x10007a14                __gedf2
                0x10007a14                __gtdf2
 .text          0x10007af4       0xcc d:/software/dave_4-4-2_64bit_2018-02-23/dave_4-4-2_64bit_2018-02-23/dave-ide-4.4.2-64bit/dave-ide-4.4.2-64bit/eclipse/arm-gcc-49/bin/../lib/gcc/arm-none-eabi/4.9.3/armv6-m\libgcc.a(ledf2.o)
                0x10007af4                __ledf2
                0x10007af4                __ltdf2
 .text          0x10007bc0      0x534 d:/software/dave_4-4-2_64bit_2018-02-23/dave_4-4-2_64bit_2018-02-23/dave-ide-4.4.2-64bit/dave-ide-4.4.2-64bit/eclipse/arm-gcc-49/bin/../lib/gcc/arm-none-eabi/4.9.3/armv6-m\libgcc.a(muldf3.o)
                0x10007bc0                __aeabi_dmul
 .text          0x100080f4      0x6f4 d:/software/dave_4-4-2_64bit_2018-02-23/dave_4-4-2_64bit_2018-02-23/dave-ide-4.4.2-64bit/dave-ide-4.4.2-64bit/eclipse/arm-gcc-49/bin/../lib/gcc/arm-none-eabi/4.9.3/armv6-m\libgcc.a(subdf3.o)
                0x100080f4                __aeabi_dsub
 .text          0x100087e8       0x78 d:/software/dave_4-4-2_64bit_2018-02-23/dave_4-4-2_64bit_2018-02-23/dave-ide-4.4.2-64bit/dave-ide-4.4.2-64bit/eclipse/arm-gcc-49/bin/../lib/gcc/arm-none-eabi/4.9.3/armv6-m\libgcc.a(floatsidf.o)
                0x100087e8                __aeabi_i2d
 .text          0x10008860       0x64 d:/software/dave_4-4-2_64bit_2018-02-23/dave_4-4-2_64bit_2018-02-23/dave-ide-4.4.2-64bit/dave-ide-4.4.2-64bit/eclipse/arm-gcc-49/bin/../lib/gcc/arm-none-eabi/4.9.3/armv6-m\libgcc.a(floatunsidf.o)
                0x10008860                __aeabi_ui2d
 .text          0x100088c4       0xa8 d:/software/dave_4-4-2_64bit_2018-02-23/dave_4-4-2_64bit_2018-02-23/dave-ide-4.4.2-64bit/dave-ide-4.4.2-64bit/eclipse/arm-gcc-49/bin/../lib/gcc/arm-none-eabi/4.9.3/armv6-m\libgcc.a(extendsfdf2.o)
                0x100088c4                __aeabi_f2d
 .text          0x1000896c      0x120 d:/software/dave_4-4-2_64bit_2018-02-23/dave_4-4-2_64bit_2018-02-23/dave-ide-4.4.2-64bit/dave-ide-4.4.2-64bit/eclipse/arm-gcc-49/bin/../lib/gcc/arm-none-eabi/4.9.3/armv6-m\libgcc.a(truncdfsf2.o)
                0x1000896c                __aeabi_d2f
 .text          0x10008a8c       0x3c d:/software/dave_4-4-2_64bit_2018-02-23/dave_4-4-2_64bit_2018-02-23/dave-ide-4.4.2-64bit/dave-ide-4.4.2-64bit/eclipse/arm-gcc-49/bin/../lib/gcc/arm-none-eabi/4.9.3/armv6-m\libgcc.a(_clzsi2.o)
                0x10008a8c                __clzsi2
 .text.__errno  0x10008ac8        0xc d:/software/dave_4-4-2_64bit_2018-02-23/dave_4-4-2_64bit_2018-02-23/dave-ide-4.4.2-64bit/dave-ide-4.4.2-64bit/eclipse/arm-gcc-49/bin/../lib/gcc/arm-none-eabi/4.9.3/../../../../arm-none-eabi/lib/armv6-m\libg_nano.a(lib_a-errno.o)
                0x10008ac8                __errno
 .text.__libc_init_array
                0x10008ad4       0x4c d:/software/dave_4-4-2_64bit_2018-02-23/dave_4-4-2_64bit_2018-02-23/dave-ide-4.4.2-64bit/dave-ide-4.4.2-64bit/eclipse/arm-gcc-49/bin/../lib/gcc/arm-none-eabi/4.9.3/../../../../arm-none-eabi/lib/armv6-m\libg_nano.a(lib_a-init.o)
                0x10008ad4                __libc_init_array
 .text.memcpy   0x10008b20       0x12 d:/software/dave_4-4-2_64bit_2018-02-23/dave_4-4-2_64bit_2018-02-23/dave-ide-4.4.2-64bit/dave-ide-4.4.2-64bit/eclipse/arm-gcc-49/bin/../lib/gcc/arm-none-eabi/4.9.3/../../../../arm-none-eabi/lib/armv6-m\libg_nano.a(lib_a-memcpy.o)
                0x10008b20                memcpy
 .text.__cvt    0x10008b32       0xc8 d:/software/dave_4-4-2_64bit_2018-02-23/dave_4-4-2_64bit_2018-02-23/dave-ide-4.4.2-64bit/dave-ide-4.4.2-64bit/eclipse/arm-gcc-49/bin/../lib/gcc/arm-none-eabi/4.9.3/../../../../arm-none-eabi/lib/armv6-m\libg_nano.a(lib_a-nano-vfprintf_float.o)
                0x10008b32                __cvt
 .text.__exponent
                0x10008bfa       0x62 d:/software/dave_4-4-2_64bit_2018-02-23/dave_4-4-2_64bit_2018-02-23/dave-ide-4.4.2-64bit/dave-ide-4.4.2-64bit/eclipse/arm-gcc-49/bin/../lib/gcc/arm-none-eabi/4.9.3/../../../../arm-none-eabi/lib/armv6-m\libg_nano.a(lib_a-nano-vfprintf_float.o)
                0x10008bfa                __exponent
 .text._printf_float
                0x10008c5c      0x470 d:/software/dave_4-4-2_64bit_2018-02-23/dave_4-4-2_64bit_2018-02-23/dave-ide-4.4.2-64bit/dave-ide-4.4.2-64bit/eclipse/arm-gcc-49/bin/../lib/gcc/arm-none-eabi/4.9.3/../../../../arm-none-eabi/lib/armv6-m\libg_nano.a(lib_a-nano-vfprintf_float.o)
                0x10008c5c                _printf_float
 .text._printf_common
                0x100090cc       0xdc d:/software/dave_4-4-2_64bit_2018-02-23/dave_4-4-2_64bit_2018-02-23/dave-ide-4.4.2-64bit/dave-ide-4.4.2-64bit/eclipse/arm-gcc-49/bin/../lib/gcc/arm-none-eabi/4.9.3/../../../../arm-none-eabi/lib/armv6-m\libg_nano.a(lib_a-nano-vfprintf_i.o)
                0x100090cc                _printf_common
 .text._printf_i
                0x100091a8      0x230 d:/software/dave_4-4-2_64bit_2018-02-23/dave_4-4-2_64bit_2018-02-23/dave-ide-4.4.2-64bit/dave-ide-4.4.2-64bit/eclipse/arm-gcc-49/bin/../lib/gcc/arm-none-eabi/4.9.3/../../../../arm-none-eabi/lib/armv6-m\libg_nano.a(lib_a-nano-vfprintf_i.o)
                0x100091a8                _printf_i
 .text._scanf_float
                0x100093d8      0x3d4 d:/software/dave_4-4-2_64bit_2018-02-23/dave_4-4-2_64bit_2018-02-23/dave-ide-4.4.2-64bit/dave-ide-4.4.2-64bit/eclipse/arm-gcc-49/bin/../lib/gcc/arm-none-eabi/4.9.3/../../../../arm-none-eabi/lib/armv6-m\libg_nano.a(lib_a-nano-vfscanf_float.o)
                0x100093d8                _scanf_float
 .text.__fpclassifyd
                0x100097ac       0x50 d:/software/dave_4-4-2_64bit_2018-02-23/dave_4-4-2_64bit_2018-02-23/dave-ide-4.4.2-64bit/dave-ide-4.4.2-64bit/eclipse/arm-gcc-49/bin/../lib/gcc/arm-none-eabi/4.9.3/../../../../arm-none-eabi/lib/armv6-m\libg_nano.a(lib_a-s_fpclassify.o)
                0x100097ac                __fpclassifyd
 .text.nanf     0x100097fc        0x8 d:/software/dave_4-4-2_64bit_2018-02-23/dave_4-4-2_64bit_2018-02-23/dave-ide-4.4.2-64bit/dave-ide-4.4.2-64bit/eclipse/arm-gcc-49/bin/../lib/gcc/arm-none-eabi/4.9.3/../../../../arm-none-eabi/lib/armv6-m\libg_nano.a(lib_a-sf_nan.o)
                0x100097fc                nanf
 .text.sprintf  0x10009804       0x44 d:/software/dave_4-4-2_64bit_2018-02-23/dave_4-4-2_64bit_2018-02-23/dave-ide-4.4.2-64bit/dave-ide-4.4.2-64bit/eclipse/arm-gcc-49/bin/../lib/gcc/arm-none-eabi/4.9.3/../../../../arm-none-eabi/lib/armv6-m\libg_nano.a(lib_a-sprintf.o)
                0x10009804                siprintf
                0x10009804                sprintf
 .text.strlen   0x10009848        0xe d:/software/dave_4-4-2_64bit_2018-02-23/dave_4-4-2_64bit_2018-02-23/dave-ide-4.4.2-64bit/dave-ide-4.4.2-64bit/eclipse/arm-gcc-49/bin/../lib/gcc/arm-none-eabi/4.9.3/../../../../arm-none-eabi/lib/armv6-m\libg_nano.a(lib_a-strlen.o)
                0x10009848                strlen
 .text.match    0x10009856       0x28 d:/software/dave_4-4-2_64bit_2018-02-23/dave_4-4-2_64bit_2018-02-23/dave-ide-4.4.2-64bit/dave-ide-4.4.2-64bit/eclipse/arm-gcc-49/bin/../lib/gcc/arm-none-eabi/4.9.3/../../../../arm-none-eabi/lib/armv6-m\libg_nano.a(lib_a-strtod.o)
 *fill*         0x1000987e        0x2 
 .text.unlikely.sulp
                0x10009880       0x2c d:/software/dave_4-4-2_64bit_2018-02-23/dave_4-4-2_64bit_2018-02-23/dave-ide-4.4.2-64bit/dave-ide-4.4.2-64bit/eclipse/arm-gcc-49/bin/../lib/gcc/arm-none-eabi/4.9.3/../../../../arm-none-eabi/lib/armv6-m\libg_nano.a(lib_a-strtod.o)
 .text._strtod_r
                0x100098ac      0xc34 d:/software/dave_4-4-2_64bit_2018-02-23/dave_4-4-2_64bit_2018-02-23/dave-ide-4.4.2-64bit/dave-ide-4.4.2-64bit/eclipse/arm-gcc-49/bin/../lib/gcc/arm-none-eabi/4.9.3/../../../../arm-none-eabi/lib/armv6-m\libg_nano.a(lib_a-strtod.o)
                0x100098ac                _strtod_r
 .text._strtol_r
                0x1000a4e0      0x120 d:/software/dave_4-4-2_64bit_2018-02-23/dave_4-4-2_64bit_2018-02-23/dave-ide-4.4.2-64bit/dave-ide-4.4.2-64bit/eclipse/arm-gcc-49/bin/../lib/gcc/arm-none-eabi/4.9.3/../../../../arm-none-eabi/lib/armv6-m\libg_nano.a(lib_a-strtol.o)
                0x1000a4e0                _strtol_r
 .text.quorem   0x1000a600      0x10e d:/software/dave_4-4-2_64bit_2018-02-23/dave_4-4-2_64bit_2018-02-23/dave-ide-4.4.2-64bit/dave-ide-4.4.2-64bit/eclipse/arm-gcc-49/bin/../lib/gcc/arm-none-eabi/4.9.3/../../../../arm-none-eabi/lib/armv6-m\libg_nano.a(lib_a-dtoa.o)
 *fill*         0x1000a70e        0x2 
 .text._dtoa_r  0x1000a710      0xc00 d:/software/dave_4-4-2_64bit_2018-02-23/dave_4-4-2_64bit_2018-02-23/dave-ide-4.4.2-64bit/dave-ide-4.4.2-64bit/eclipse/arm-gcc-49/bin/../lib/gcc/arm-none-eabi/4.9.3/../../../../arm-none-eabi/lib/armv6-m\libg_nano.a(lib_a-dtoa.o)
                0x1000a710                _dtoa_r
 .text.rshift   0x1000b310       0x68 d:/software/dave_4-4-2_64bit_2018-02-23/dave_4-4-2_64bit_2018-02-23/dave-ide-4.4.2-64bit/dave-ide-4.4.2-64bit/eclipse/arm-gcc-49/bin/../lib/gcc/arm-none-eabi/4.9.3/../../../../arm-none-eabi/lib/armv6-m\libg_nano.a(lib_a-gdtoa-gethex.o)
 .text.__hexdig_fun
                0x1000b378       0x2a d:/software/dave_4-4-2_64bit_2018-02-23/dave_4-4-2_64bit_2018-02-23/dave-ide-4.4.2-64bit/dave-ide-4.4.2-64bit/eclipse/arm-gcc-49/bin/../lib/gcc/arm-none-eabi/4.9.3/../../../../arm-none-eabi/lib/armv6-m\libg_nano.a(lib_a-gdtoa-gethex.o)
                0x1000b378                __hexdig_fun
 .text.__gethex
                0x1000b3a2      0x448 d:/software/dave_4-4-2_64bit_2018-02-23/dave_4-4-2_64bit_2018-02-23/dave-ide-4.4.2-64bit/dave-ide-4.4.2-64bit/eclipse/arm-gcc-49/bin/../lib/gcc/arm-none-eabi/4.9.3/../../../../arm-none-eabi/lib/armv6-m\libg_nano.a(lib_a-gdtoa-gethex.o)
                0x1000b3a2                __gethex
 .text.L_shift  0x1000b7ea       0x24 d:/software/dave_4-4-2_64bit_2018-02-23/dave_4-4-2_64bit_2018-02-23/dave-ide-4.4.2-64bit/dave-ide-4.4.2-64bit/eclipse/arm-gcc-49/bin/../lib/gcc/arm-none-eabi/4.9.3/../../../../arm-none-eabi/lib/armv6-m\libg_nano.a(lib_a-gdtoa-hexnan.o)
 .text.__hexnan
                0x1000b80e      0x130 d:/software/dave_4-4-2_64bit_2018-02-23/dave_4-4-2_64bit_2018-02-23/dave-ide-4.4.2-64bit/dave-ide-4.4.2-64bit/eclipse/arm-gcc-49/bin/../lib/gcc/arm-none-eabi/4.9.3/../../../../arm-none-eabi/lib/armv6-m\libg_nano.a(lib_a-gdtoa-hexnan.o)
                0x1000b80e                __hexnan
 *fill*         0x1000b93e        0x2 
 .text._localeconv_r
                0x1000b940        0x8 d:/software/dave_4-4-2_64bit_2018-02-23/dave_4-4-2_64bit_2018-02-23/dave-ide-4.4.2-64bit/dave-ide-4.4.2-64bit/eclipse/arm-gcc-49/bin/../lib/gcc/arm-none-eabi/4.9.3/../../../../arm-none-eabi/lib/armv6-m\libg_nano.a(lib_a-locale.o)
                0x1000b940                _localeconv_r
 .text.malloc   0x1000b948       0x14 d:/software/dave_4-4-2_64bit_2018-02-23/dave_4-4-2_64bit_2018-02-23/dave-ide-4.4.2-64bit/dave-ide-4.4.2-64bit/eclipse/arm-gcc-49/bin/../lib/gcc/arm-none-eabi/4.9.3/../../../../arm-none-eabi/lib/armv6-m\libg_nano.a(lib_a-malloc.o)
                0x1000b948                malloc
 .text.memchr   0x1000b95c       0x16 d:/software/dave_4-4-2_64bit_2018-02-23/dave_4-4-2_64bit_2018-02-23/dave-ide-4.4.2-64bit/dave-ide-4.4.2-64bit/eclipse/arm-gcc-49/bin/../lib/gcc/arm-none-eabi/4.9.3/../../../../arm-none-eabi/lib/armv6-m\libg_nano.a(lib_a-memchr.o)
                0x1000b95c                memchr
 .text._Balloc  0x1000b972       0x70 d:/software/dave_4-4-2_64bit_2018-02-23/dave_4-4-2_64bit_2018-02-23/dave-ide-4.4.2-64bit/dave-ide-4.4.2-64bit/eclipse/arm-gcc-49/bin/../lib/gcc/arm-none-eabi/4.9.3/../../../../arm-none-eabi/lib/armv6-m\libg_nano.a(lib_a-mprec.o)
                0x1000b972                _Balloc
 .text._Bfree   0x1000b9e2       0x32 d:/software/dave_4-4-2_64bit_2018-02-23/dave_4-4-2_64bit_2018-02-23/dave-ide-4.4.2-64bit/dave-ide-4.4.2-64bit/eclipse/arm-gcc-49/bin/../lib/gcc/arm-none-eabi/4.9.3/../../../../arm-none-eabi/lib/armv6-m\libg_nano.a(lib_a-mprec.o)
                0x1000b9e2                _Bfree
 .text.__multadd
                0x1000ba14       0x78 d:/software/dave_4-4-2_64bit_2018-02-23/dave_4-4-2_64bit_2018-02-23/dave-ide-4.4.2-64bit/dave-ide-4.4.2-64bit/eclipse/arm-gcc-49/bin/../lib/gcc/arm-none-eabi/4.9.3/../../../../arm-none-eabi/lib/armv6-m\libg_nano.a(lib_a-mprec.o)
                0x1000ba14                __multadd
 .text.__s2b    0x1000ba8c       0x80 d:/software/dave_4-4-2_64bit_2018-02-23/dave_4-4-2_64bit_2018-02-23/dave-ide-4.4.2-64bit/dave-ide-4.4.2-64bit/eclipse/arm-gcc-49/bin/../lib/gcc/arm-none-eabi/4.9.3/../../../../arm-none-eabi/lib/armv6-m\libg_nano.a(lib_a-mprec.o)
                0x1000ba8c                __s2b
 .text.__hi0bits
                0x1000bb0c       0x36 d:/software/dave_4-4-2_64bit_2018-02-23/dave_4-4-2_64bit_2018-02-23/dave-ide-4.4.2-64bit/dave-ide-4.4.2-64bit/eclipse/arm-gcc-49/bin/../lib/gcc/arm-none-eabi/4.9.3/../../../../arm-none-eabi/lib/armv6-m\libg_nano.a(lib_a-mprec.o)
                0x1000bb0c                __hi0bits
 .text.__lo0bits
                0x1000bb42       0x5e d:/software/dave_4-4-2_64bit_2018-02-23/dave_4-4-2_64bit_2018-02-23/dave-ide-4.4.2-64bit/dave-ide-4.4.2-64bit/eclipse/arm-gcc-49/bin/../lib/gcc/arm-none-eabi/4.9.3/../../../../arm-none-eabi/lib/armv6-m\libg_nano.a(lib_a-mprec.o)
                0x1000bb42                __lo0bits
 .text.__i2b    0x1000bba0       0x12 d:/software/dave_4-4-2_64bit_2018-02-23/dave_4-4-2_64bit_2018-02-23/dave-ide-4.4.2-64bit/dave-ide-4.4.2-64bit/eclipse/arm-gcc-49/bin/../lib/gcc/arm-none-eabi/4.9.3/../../../../arm-none-eabi/lib/armv6-m\libg_nano.a(lib_a-mprec.o)
                0x1000bba0                __i2b
 .text.__multiply
                0x1000bbb2      0x11a d:/software/dave_4-4-2_64bit_2018-02-23/dave_4-4-2_64bit_2018-02-23/dave-ide-4.4.2-64bit/dave-ide-4.4.2-64bit/eclipse/arm-gcc-49/bin/../lib/gcc/arm-none-eabi/4.9.3/../../../../arm-none-eabi/lib/armv6-m\libg_nano.a(lib_a-mprec.o)
                0x1000bbb2                __multiply
 .text.__pow5mult
                0x1000bccc       0xa4 d:/software/dave_4-4-2_64bit_2018-02-23/dave_4-4-2_64bit_2018-02-23/dave-ide-4.4.2-64bit/dave-ide-4.4.2-64bit/eclipse/arm-gcc-49/bin/../lib/gcc/arm-none-eabi/4.9.3/../../../../arm-none-eabi/lib/armv6-m\libg_nano.a(lib_a-mprec.o)
                0x1000bccc                __pow5mult
 .text.__lshift
                0x1000bd70       0xa4 d:/software/dave_4-4-2_64bit_2018-02-23/dave_4-4-2_64bit_2018-02-23/dave-ide-4.4.2-64bit/dave-ide-4.4.2-64bit/eclipse/arm-gcc-49/bin/../lib/gcc/arm-none-eabi/4.9.3/../../../../arm-none-eabi/lib/armv6-m\libg_nano.a(lib_a-mprec.o)
                0x1000bd70                __lshift
 .text.__mcmp   0x1000be14       0x36 d:/software/dave_4-4-2_64bit_2018-02-23/dave_4-4-2_64bit_2018-02-23/dave-ide-4.4.2-64bit/dave-ide-4.4.2-64bit/eclipse/arm-gcc-49/bin/../lib/gcc/arm-none-eabi/4.9.3/../../../../arm-none-eabi/lib/armv6-m\libg_nano.a(lib_a-mprec.o)
                0x1000be14                __mcmp
 .text.__mdiff  0x1000be4a       0xd6 d:/software/dave_4-4-2_64bit_2018-02-23/dave_4-4-2_64bit_2018-02-23/dave-ide-4.4.2-64bit/dave-ide-4.4.2-64bit/eclipse/arm-gcc-49/bin/../lib/gcc/arm-none-eabi/4.9.3/../../../../arm-none-eabi/lib/armv6-m\libg_nano.a(lib_a-mprec.o)
                0x1000be4a                __mdiff
 .text.__ulp    0x1000bf20       0x48 d:/software/dave_4-4-2_64bit_2018-02-23/dave_4-4-2_64bit_2018-02-23/dave-ide-4.4.2-64bit/dave-ide-4.4.2-64bit/eclipse/arm-gcc-49/bin/../lib/gcc/arm-none-eabi/4.9.3/../../../../arm-none-eabi/lib/armv6-m\libg_nano.a(lib_a-mprec.o)
                0x1000bf20                __ulp
 .text.__b2d    0x1000bf68       0xa4 d:/software/dave_4-4-2_64bit_2018-02-23/dave_4-4-2_64bit_2018-02-23/dave-ide-4.4.2-64bit/dave-ide-4.4.2-64bit/eclipse/arm-gcc-49/bin/../lib/gcc/arm-none-eabi/4.9.3/../../../../arm-none-eabi/lib/armv6-m\libg_nano.a(lib_a-mprec.o)
                0x1000bf68                __b2d
 .text.__d2b    0x1000c00c       0xa8 d:/software/dave_4-4-2_64bit_2018-02-23/dave_4-4-2_64bit_2018-02-23/dave-ide-4.4.2-64bit/dave-ide-4.4.2-64bit/eclipse/arm-gcc-49/bin/../lib/gcc/arm-none-eabi/4.9.3/../../../../arm-none-eabi/lib/armv6-m\libg_nano.a(lib_a-mprec.o)
                0x1000c00c                __d2b
 .text.__ratio  0x1000c0b4       0x54 d:/software/dave_4-4-2_64bit_2018-02-23/dave_4-4-2_64bit_2018-02-23/dave-ide-4.4.2-64bit/dave-ide-4.4.2-64bit/eclipse/arm-gcc-49/bin/../lib/gcc/arm-none-eabi/4.9.3/../../../../arm-none-eabi/lib/armv6-m\libg_nano.a(lib_a-mprec.o)
                0x1000c0b4                __ratio
 .text.__copybits
                0x1000c108       0x2c d:/software/dave_4-4-2_64bit_2018-02-23/dave_4-4-2_64bit_2018-02-23/dave-ide-4.4.2-64bit/dave-ide-4.4.2-64bit/eclipse/arm-gcc-49/bin/../lib/gcc/arm-none-eabi/4.9.3/../../../../arm-none-eabi/lib/armv6-m\libg_nano.a(lib_a-mprec.o)
                0x1000c108                __copybits
 .text.__any_on
                0x1000c134       0x42 d:/software/dave_4-4-2_64bit_2018-02-23/dave_4-4-2_64bit_2018-02-23/dave-ide-4.4.2-64bit/dave-ide-4.4.2-64bit/eclipse/arm-gcc-49/bin/../lib/gcc/arm-none-eabi/4.9.3/../../../../arm-none-eabi/lib/armv6-m\libg_nano.a(lib_a-mprec.o)
                0x1000c134                __any_on
 .text._calloc_r
                0x1000c176       0x1c d:/software/dave_4-4-2_64bit_2018-02-23/dave_4-4-2_64bit_2018-02-23/dave-ide-4.4.2-64bit/dave-ide-4.4.2-64bit/eclipse/arm-gcc-49/bin/../lib/gcc/arm-none-eabi/4.9.3/../../../../arm-none-eabi/lib/armv6-m\libg_nano.a(lib_a-nano-callocr.o)
                0x1000c176                _calloc_r
 *fill*         0x1000c192        0x2 
 .text._free_r  0x1000c194       0x8c d:/software/dave_4-4-2_64bit_2018-02-23/dave_4-4-2_64bit_2018-02-23/dave-ide-4.4.2-64bit/dave-ide-4.4.2-64bit/eclipse/arm-gcc-49/bin/../lib/gcc/arm-none-eabi/4.9.3/../../../../arm-none-eabi/lib/armv6-m\libg_nano.a(lib_a-nano-freer.o)
                0x1000c194                _free_r
 .text._malloc_r
                0x1000c220       0xb0 d:/software/dave_4-4-2_64bit_2018-02-23/dave_4-4-2_64bit_2018-02-23/dave-ide-4.4.2-64bit/dave-ide-4.4.2-64bit/eclipse/arm-gcc-49/bin/../lib/gcc/arm-none-eabi/4.9.3/../../../../arm-none-eabi/lib/armv6-m\libg_nano.a(lib_a-nano-mallocr.o)
                0x1000c220                _malloc_r
 .text.__ssputs_r
                0x1000c2d0       0xc0 d:/software/dave_4-4-2_64bit_2018-02-23/dave_4-4-2_64bit_2018-02-23/dave-ide-4.4.2-64bit/dave-ide-4.4.2-64bit/eclipse/arm-gcc-49/bin/../lib/gcc/arm-none-eabi/4.9.3/../../../../arm-none-eabi/lib/armv6-m\libg_nano.a(lib_a-nano-svfprintf.o)
                0x1000c2d0                __ssputs_r
 .text._svfprintf_r
                0x1000c390      0x1ec d:/software/dave_4-4-2_64bit_2018-02-23/dave_4-4-2_64bit_2018-02-23/dave-ide-4.4.2-64bit/dave-ide-4.4.2-64bit/eclipse/arm-gcc-49/bin/../lib/gcc/arm-none-eabi/4.9.3/../../../../arm-none-eabi/lib/armv6-m\libg_nano.a(lib_a-nano-svfprintf.o)
                0x1000c390                _svfiprintf_r
                0x1000c390                _svfprintf_r
 .text._sbrk_r  0x1000c57c       0x24 d:/software/dave_4-4-2_64bit_2018-02-23/dave_4-4-2_64bit_2018-02-23/dave-ide-4.4.2-64bit/dave-ide-4.4.2-64bit/eclipse/arm-gcc-49/bin/../lib/gcc/arm-none-eabi/4.9.3/../../../../arm-none-eabi/lib/armv6-m\libg_nano.a(lib_a-sbrkr.o)
                0x1000c57c                _sbrk_r
 .text.strncmp  0x1000c5a0       0x28 d:/software/dave_4-4-2_64bit_2018-02-23/dave_4-4-2_64bit_2018-02-23/dave-ide-4.4.2-64bit/dave-ide-4.4.2-64bit/eclipse/arm-gcc-49/bin/../lib/gcc/arm-none-eabi/4.9.3/../../../../arm-none-eabi/lib/armv6-m\libg_nano.a(lib_a-strncmp.o)
                0x1000c5a0                strncmp
 .text.memmove  0x1000c5c8       0x28 d:/software/dave_4-4-2_64bit_2018-02-23/dave_4-4-2_64bit_2018-02-23/dave-ide-4.4.2-64bit/dave-ide-4.4.2-64bit/eclipse/arm-gcc-49/bin/../lib/gcc/arm-none-eabi/4.9.3/../../../../arm-none-eabi/lib/armv6-m\libg_nano.a(lib_a-memmove.o)
                0x1000c5c8                memmove
 .text.memset   0x1000c5f0       0x10 d:/software/dave_4-4-2_64bit_2018-02-23/dave_4-4-2_64bit_2018-02-23/dave-ide-4.4.2-64bit/dave-ide-4.4.2-64bit/eclipse/arm-gcc-49/bin/../lib/gcc/arm-none-eabi/4.9.3/../../../../arm-none-eabi/lib/armv6-m\libg_nano.a(lib_a-memset.o)
                0x1000c5f0                memset
 .text._realloc_r
                0x1000c600       0x4c d:/software/dave_4-4-2_64bit_2018-02-23/dave_4-4-2_64bit_2018-02-23/dave-ide-4.4.2-64bit/dave-ide-4.4.2-64bit/eclipse/arm-gcc-49/bin/../lib/gcc/arm-none-eabi/4.9.3/../../../../arm-none-eabi/lib/armv6-m\libg_nano.a(lib_a-nano-reallocr.o)
                0x1000c600                _realloc_r
 .text._malloc_usable_size_r
                0x1000c64c       0x16 d:/software/dave_4-4-2_64bit_2018-02-23/dave_4-4-2_64bit_2018-02-23/dave-ide-4.4.2-64bit/dave-ide-4.4.2-64bit/eclipse/arm-gcc-49/bin/../lib/gcc/arm-none-eabi/4.9.3/../../../../arm-none-eabi/lib/armv6-m\libg_nano.a(lib_a-nano-msizer.o)
                0x1000c64c                _malloc_usable_size_r
 *fill*         0x1000c662        0x2 
 .text          0x1000c664       0x14 d:/software/dave_4-4-2_64bit_2018-02-23/dave_4-4-2_64bit_2018-02-23/dave-ide-4.4.2-64bit/dave-ide-4.4.2-64bit/eclipse/arm-gcc-49/bin/../lib/gcc/arm-none-eabi/4.9.3/armv6-m\libgcc.a(_thumb1_case_uqi.o)
                0x1000c664                __gnu_thumb1_case_uqi
 .text          0x1000c678       0x3c d:/software/dave_4-4-2_64bit_2018-02-23/dave_4-4-2_64bit_2018-02-23/dave-ide-4.4.2-64bit/dave-ide-4.4.2-64bit/eclipse/arm-gcc-49/bin/../lib/gcc/arm-none-eabi/4.9.3/armv6-m\libgcc.a(_fixunsdfsi.o)
                0x1000c678                __aeabi_d2uiz
                0x1000c678                __fixunsdfsi
 .text          0x1000c6b4      0x648 d:/software/dave_4-4-2_64bit_2018-02-23/dave_4-4-2_64bit_2018-02-23/dave-ide-4.4.2-64bit/dave-ide-4.4.2-64bit/eclipse/arm-gcc-49/bin/../lib/gcc/arm-none-eabi/4.9.3/armv6-m\libgcc.a(divdf3.o)
                0x1000c6b4                __aeabi_ddiv
 .text          0x1000ccfc       0x6c d:/software/dave_4-4-2_64bit_2018-02-23/dave_4-4-2_64bit_2018-02-23/dave-ide-4.4.2-64bit/dave-ide-4.4.2-64bit/eclipse/arm-gcc-49/bin/../lib/gcc/arm-none-eabi/4.9.3/armv6-m\libgcc.a(fixdfsi.o)
                0x1000ccfc                __aeabi_d2iz
 *(.init)
 *(.fini)
 *crtbegin.o(.ctors)
 *crtbegin?.o(.ctors)
 *(EXCLUDE_FILE(*crtend.o *crtend?.o) .ctors)
 *(SORT(.ctors.*))
 *(.ctors)
 *crtbegin.o(.dtors)
 *crtbegin?.o(.dtors)
 *(EXCLUDE_FILE(*crtend.o *crtend?.o) .dtors)
 *(SORT(.dtors.*))
 *(.dtors)
 *(.rodata .rodata.*)
 .rodata.IRQ12_Handler
                0x1000cd68       0x18 ./interrupts/interrupts.o
 .rodata.IRQ18_Handler
                0x1000cd80       0x14 ./interrupts/interrupts.o
 .rodata.IRQ7_Handler
                0x1000cd94       0x24 ./interrupts/interrupts.o
 .rodata.XMC_CCU4_SLICE_SetInterruptNode
                0x1000cdb8       0x28 ./Libraries/XMCLib/src/xmc_ccu4.o
 .rodata.g_xmc_vadc_group_array
                0x1000cde0        0x8 ./Libraries/XMCLib/src/xmc_vadc.o
 .rodata.main   0x1000cde8       0x18 ./main.o
 .rodata        0x1000ce00       0x40 d:/software/dave_4-4-2_64bit_2018-02-23/dave_4-4-2_64bit_2018-02-23/dave-ide-4.4.2-64bit/dave-ide-4.4.2-64bit/eclipse/arm-gcc-49/bin/../lib/gcc/arm-none-eabi/4.9.3/armv6-m\libgcc.a(mulsf3.o)
 .rodata        0x1000ce40       0x40 d:/software/dave_4-4-2_64bit_2018-02-23/dave_4-4-2_64bit_2018-02-23/dave-ide-4.4.2-64bit/dave-ide-4.4.2-64bit/eclipse/arm-gcc-49/bin/../lib/gcc/arm-none-eabi/4.9.3/armv6-m\libgcc.a(muldf3.o)
 .rodata.str1.1
                0x1000ce80        0x2 d:/software/dave_4-4-2_64bit_2018-02-23/dave_4-4-2_64bit_2018-02-23/dave-ide-4.4.2-64bit/dave-ide-4.4.2-64bit/eclipse/arm-gcc-49/bin/../lib/gcc/arm-none-eabi/4.9.3/../../../../arm-none-eabi/lib/armv6-m\libg_nano.a(lib_a-impure.o)
 .rodata.str1.1
                0x1000ce82       0x12 d:/software/dave_4-4-2_64bit_2018-02-23/dave_4-4-2_64bit_2018-02-23/dave-ide-4.4.2-64bit/dave-ide-4.4.2-64bit/eclipse/arm-gcc-49/bin/../lib/gcc/arm-none-eabi/4.9.3/../../../../arm-none-eabi/lib/armv6-m\libg_nano.a(lib_a-nano-vfprintf_float.o)
 .rodata.str1.1
                0x1000ce94       0x22 d:/software/dave_4-4-2_64bit_2018-02-23/dave_4-4-2_64bit_2018-02-23/dave-ide-4.4.2-64bit/dave-ide-4.4.2-64bit/eclipse/arm-gcc-49/bin/../lib/gcc/arm-none-eabi/4.9.3/../../../../arm-none-eabi/lib/armv6-m\libg_nano.a(lib_a-nano-vfprintf_i.o)
 .rodata.str1.1
                0x1000ceb6        0x5 d:/software/dave_4-4-2_64bit_2018-02-23/dave_4-4-2_64bit_2018-02-23/dave-ide-4.4.2-64bit/dave-ide-4.4.2-64bit/eclipse/arm-gcc-49/bin/../lib/gcc/arm-none-eabi/4.9.3/../../../../arm-none-eabi/lib/armv6-m\libg_nano.a(lib_a-nano-vfscanf_float.o)
 *fill*         0x1000cebb        0x1 
 .rodata.fpi.5242
                0x1000cebc       0x14 d:/software/dave_4-4-2_64bit_2018-02-23/dave_4-4-2_64bit_2018-02-23/dave-ide-4.4.2-64bit/dave-ide-4.4.2-64bit/eclipse/arm-gcc-49/bin/../lib/gcc/arm-none-eabi/4.9.3/../../../../arm-none-eabi/lib/armv6-m\libg_nano.a(lib_a-strtod.o)
 .rodata.str1.1
                0x00000000        0x5 d:/software/dave_4-4-2_64bit_2018-02-23/dave_4-4-2_64bit_2018-02-23/dave-ide-4.4.2-64bit/dave-ide-4.4.2-64bit/eclipse/arm-gcc-49/bin/../lib/gcc/arm-none-eabi/4.9.3/../../../../arm-none-eabi/lib/armv6-m\libg_nano.a(lib_a-strtod.o)
                                  0xc (size before relaxing)
 .rodata.tinytens
                0x1000ced0       0x28 d:/software/dave_4-4-2_64bit_2018-02-23/dave_4-4-2_64bit_2018-02-23/dave-ide-4.4.2-64bit/dave-ide-4.4.2-64bit/eclipse/arm-gcc-49/bin/../lib/gcc/arm-none-eabi/4.9.3/../../../../arm-none-eabi/lib/armv6-m\libg_nano.a(lib_a-strtod.o)
 .rodata.fpinan.5278
                0x1000cef8       0x14 d:/software/dave_4-4-2_64bit_2018-02-23/dave_4-4-2_64bit_2018-02-23/dave-ide-4.4.2-64bit/dave-ide-4.4.2-64bit/eclipse/arm-gcc-49/bin/../lib/gcc/arm-none-eabi/4.9.3/../../../../arm-none-eabi/lib/armv6-m\libg_nano.a(lib_a-strtod.o)
 .rodata._ctype_
                0x1000cf0c      0x101 d:/software/dave_4-4-2_64bit_2018-02-23/dave_4-4-2_64bit_2018-02-23/dave-ide-4.4.2-64bit/dave-ide-4.4.2-64bit/eclipse/arm-gcc-49/bin/../lib/gcc/arm-none-eabi/4.9.3/../../../../arm-none-eabi/lib/armv6-m\libg_nano.a(lib_a-ctype_.o)
                0x1000cf0c                _ctype_
 .rodata.str1.1
                0x1000d00d        0xd d:/software/dave_4-4-2_64bit_2018-02-23/dave_4-4-2_64bit_2018-02-23/dave-ide-4.4.2-64bit/dave-ide-4.4.2-64bit/eclipse/arm-gcc-49/bin/../lib/gcc/arm-none-eabi/4.9.3/../../../../arm-none-eabi/lib/armv6-m\libg_nano.a(lib_a-dtoa.o)
                                  0xf (size before relaxing)
 .rodata.str1.1
                0x1000d01a        0x8 d:/software/dave_4-4-2_64bit_2018-02-23/dave_4-4-2_64bit_2018-02-23/dave-ide-4.4.2-64bit/dave-ide-4.4.2-64bit/eclipse/arm-gcc-49/bin/../lib/gcc/arm-none-eabi/4.9.3/../../../../arm-none-eabi/lib/armv6-m\libg_nano.a(lib_a-locale.o)
                                  0xb (size before relaxing)
 *fill*         0x1000d022        0x6 
 .rodata.__mprec_tens
                0x1000d028       0xc8 d:/software/dave_4-4-2_64bit_2018-02-23/dave_4-4-2_64bit_2018-02-23/dave-ide-4.4.2-64bit/dave-ide-4.4.2-64bit/eclipse/arm-gcc-49/bin/../lib/gcc/arm-none-eabi/4.9.3/../../../../arm-none-eabi/lib/armv6-m\libg_nano.a(lib_a-mprec.o)
                0x1000d028                __mprec_tens
 .rodata.__mprec_bigtens
                0x1000d0f0       0x28 d:/software/dave_4-4-2_64bit_2018-02-23/dave_4-4-2_64bit_2018-02-23/dave-ide-4.4.2-64bit/dave-ide-4.4.2-64bit/eclipse/arm-gcc-49/bin/../lib/gcc/arm-none-eabi/4.9.3/../../../../arm-none-eabi/lib/armv6-m\libg_nano.a(lib_a-mprec.o)
                0x1000d0f0                __mprec_bigtens
 .rodata.p05.5277
                0x1000d118        0xc d:/software/dave_4-4-2_64bit_2018-02-23/dave_4-4-2_64bit_2018-02-23/dave-ide-4.4.2-64bit/dave-ide-4.4.2-64bit/eclipse/arm-gcc-49/bin/../lib/gcc/arm-none-eabi/4.9.3/../../../../arm-none-eabi/lib/armv6-m\libg_nano.a(lib_a-mprec.o)
 .rodata.str1.1
                0x1000d124       0x11 d:/software/dave_4-4-2_64bit_2018-02-23/dave_4-4-2_64bit_2018-02-23/dave-ide-4.4.2-64bit/dave-ide-4.4.2-64bit/eclipse/arm-gcc-49/bin/../lib/gcc/arm-none-eabi/4.9.3/../../../../arm-none-eabi/lib/armv6-m\libg_nano.a(lib_a-nano-svfprintf.o)
 *fill*         0x1000d135        0x3 
 .rodata        0x1000d138       0x40 d:/software/dave_4-4-2_64bit_2018-02-23/dave_4-4-2_64bit_2018-02-23/dave-ide-4.4.2-64bit/dave-ide-4.4.2-64bit/eclipse/arm-gcc-49/bin/../lib/gcc/arm-none-eabi/4.9.3/armv6-m\libgcc.a(divdf3.o)
 *(.gnu.linkonce.r*)
 *(vtable)
                0x1000d178                . = ALIGN (0x4)

.glue_7         0x1000d178        0x0
 .glue_7        0x00000000        0x0 linker stubs

.glue_7t        0x1000d178        0x0
 .glue_7t       0x00000000        0x0 linker stubs

.vfp11_veneer   0x1000d178        0x0
 .vfp11_veneer  0x00000000        0x0 linker stubs

.v4_bx          0x1000d178        0x0
 .v4_bx         0x00000000        0x0 linker stubs

.iplt           0x1000d178        0x0
 .iplt          0x00000000        0x0 ./variables/variables.o

.eh_frame_hdr
 *(.eh_frame_hdr)

.eh_frame       0x1000d178        0x0
 *(.eh_frame)
 .eh_frame      0x1000d178        0x0 d:/software/dave_4-4-2_64bit_2018-02-23/dave_4-4-2_64bit_2018-02-23/dave-ide-4.4.2-64bit/dave-ide-4.4.2-64bit/eclipse/arm-gcc-49/bin/../lib/gcc/arm-none-eabi/4.9.3/../../../../arm-none-eabi/lib/armv6-m\libg_nano.a(lib_a-strcmp.o)
                                 0x28 (size before relaxing)

.ARM.extab
 *(.ARM.extab* .gnu.linkonce.armextab.*)
                0x1000d178                . = ALIGN (0x4)
                0x1000d178                __exidx_start = .

.ARM.exidx
 *(.ARM.exidx* .gnu.linkonce.armexidx.*)
                0x1000d178                __exidx_end = .
                0x1000d178                . = ALIGN (0x4)

.VENEER_Code    0x2000000c      0x144 load address 0x1000d178
                0x2000000c                . = ALIGN (0x4)
                0x2000000c                VeneerStart = .
 *(.XmcVeneerCode)
 .XmcVeneerCode
                0x2000000c      0x144 ./Startup/startup_XMC1400.o
                0x2000000c                HardFault_Veener
                0x2000002c                SVC_Veener
                0x20000038                PendSV_Veener
                0x2000003c                SysTick_Veener
                0x20000040                IRQ0_Veener
                0x20000044                IRQ1_Veener
                0x20000048                IRQ2_Veener
                0x2000004c                IRQ3_Veener
                0x20000050                IRQ4_Veener
                0x20000054                IRQ5_Veener
                0x20000058                IRQ6_Veener
                0x2000005c                IRQ7_Veener
                0x20000060                IRQ8_Veener
                0x20000064                IRQ9_Veener
                0x20000068                IRQ10_Veener
                0x2000006c                IRQ11_Veener
                0x20000070                IRQ12_Veener
                0x20000074                IRQ13_Veener
                0x20000078                IRQ14_Veener
                0x2000007c                IRQ15_Veener
                0x20000080                IRQ16_Veener
                0x20000084                IRQ17_Veener
                0x20000088                IRQ18_Veener
                0x2000008c                IRQ19_Veener
                0x20000090                IRQ20_Veener
                0x20000094                IRQ21_Veener
                0x20000098                IRQ22_Veener
                0x2000009c                IRQ23_Veener
                0x200000a0                IRQ24_Veener
                0x200000a4                IRQ25_Veener
                0x200000a8                IRQ26_Veener
                0x200000ac                IRQ27_Veener
                0x200000b0                IRQ28_Veener
                0x200000b4                IRQ29_Veener
                0x200000b8                IRQ30_Veener
                0x200000bc                IRQ31_Veener
                0x20000150                . = ALIGN (0x4)
                0x20000150                VeneerEnd = .
                0x1000d178                eROData = LOADADDR (.VENEER_Code)
                0x00000144                VeneerSize = (ABSOLUTE (VeneerEnd) - ABSOLUTE (VeneerStart))

.rel.dyn        0x20000150        0x0 load address 0x1000d2bc
 .rel.iplt      0x00000000        0x0 ./variables/variables.o

Stack           0x20000150      0x400 load address 0x00000000
                0x20000150                . = ALIGN (0x8)
                0x20000550                . = (. + stack_size)
 *fill*         0x20000150      0x400 
                0x20000550                __initial_sp = .

.data           0x20000550      0x200 load address 0x1000d2bc
                0x20000550                . = ALIGN (0x4)
                0x20000550                __data_start = .
 *(.data)
 *(.data*)
 .data.SLICE0_config
                0x20000550        0x8 ./interconnect/timing/timing_op_conf.o
                0x20000550                SLICE0_config
 .data.SLICE1_config
                0x20000558        0x8 ./interconnect/timing/timing_op_conf.o
                0x20000558                SLICE1_config
 .data.SLICE2_config
                0x20000560        0x8 ./interconnect/timing/timing_op_conf.o
                0x20000560                SLICE2_config
 .data.g_global_handle
                0x20000568       0x18 ./interconnect/pdu/pdu_op_conf.o
                0x20000568                g_global_handle
 .data.g_group_handle
                0x20000580       0x14 ./interconnect/pdu/pdu_op_conf.o
                0x20000580                g_group_handle
 .data.g_queue_handle
                0x20000594        0xc ./interconnect/pdu/pdu_op_conf.o
                0x20000594                g_queue_handle
 .data.g_queue_entry
                0x200005a0       0x10 ./interconnect/pdu/pdu_op_conf.o
                0x200005a0                g_queue_entry
 .data.g_channel_handle
                0x200005b0       0x40 ./interconnect/pdu/pdu_op_conf.o
                0x200005b0                g_channel_handle
 .data.g_result_handle
                0x200005f0       0x10 ./interconnect/pdu/pdu_op_conf.o
                0x200005f0                g_result_handle
 .data.relay_KMP
                0x20000600        0x8 ./interconnect/pdu/pdu_op_conf.o
                0x20000600                relay_KMP
 .data.relay_KMF
                0x20000608        0x8 ./interconnect/pdu/pdu_op_conf.o
                0x20000608                relay_KMF
 .data.relay_KDSG
                0x20000610        0x8 ./interconnect/pdu/pdu_op_conf.o
                0x20000610                relay_KDSG
 .data.relay_KBAT
                0x20000618        0x8 ./interconnect/pdu/pdu_op_conf.o
                0x20000618                relay_KBAT
 .data.CAN0_txd_config
                0x20000620        0x8 ./interconnect/pcs/pcs_op_conf.o
                0x20000620                CAN0_txd_config
 .data.can_baud
                0x20000628        0xc ./interconnect/pcs/pcs_op_conf.o
                0x20000628                can_baud
 *fill*         0x20000634        0x4 
 .data.msgObjToPCS
                0x20000638       0x20 ./interconnect/pcs/pcs_op_conf.o
                0x20000638                msgObjToPCS
 .data.msgObjFromPCS
                0x20000658       0x20 ./interconnect/pcs/pcs_op_conf.o
                0x20000658                msgObjFromPCS
 .data.led      0x20000678        0x8 ./interconnect/gpios/gpio_op_conf.o
                0x20000678                led
 .data.tx_genix_config
                0x20000680        0x8 ./interconnect/genix/genix_op_conf.o
                0x20000680                tx_genix_config
 .data.uart_genix_config
                0x20000688        0xc ./interconnect/genix/genix_op_conf.o
                0x20000688                uart_genix_config
 .data.tx_config
                0x20000694        0x8 ./interconnect/esp32/esp32_op_conf.o
                0x20000694                tx_config
 .data.rx_config
                0x2000069c        0x8 ./interconnect/esp32/esp32_op_conf.o
                0x2000069c                rx_config
 .data.uart_config
                0x200006a4        0xc ./interconnect/esp32/esp32_op_conf.o
                0x200006a4                uart_config
 .data.impure_data
                0x200006b0       0x60 d:/software/dave_4-4-2_64bit_2018-02-23/dave_4-4-2_64bit_2018-02-23/dave-ide-4.4.2-64bit/dave-ide-4.4.2-64bit/eclipse/arm-gcc-49/bin/../lib/gcc/arm-none-eabi/4.9.3/../../../../arm-none-eabi/lib/armv6-m\libg_nano.a(lib_a-impure.o)
 .data._impure_ptr
                0x20000710        0x4 d:/software/dave_4-4-2_64bit_2018-02-23/dave_4-4-2_64bit_2018-02-23/dave-ide-4.4.2-64bit/dave-ide-4.4.2-64bit/eclipse/arm-gcc-49/bin/../lib/gcc/arm-none-eabi/4.9.3/../../../../arm-none-eabi/lib/armv6-m\libg_nano.a(lib_a-impure.o)
                0x20000710                _impure_ptr
 .data.__ctype_ptr__
                0x20000714        0x4 d:/software/dave_4-4-2_64bit_2018-02-23/dave_4-4-2_64bit_2018-02-23/dave-ide-4.4.2-64bit/dave-ide-4.4.2-64bit/eclipse/arm-gcc-49/bin/../lib/gcc/arm-none-eabi/4.9.3/../../../../arm-none-eabi/lib/armv6-m\libg_nano.a(lib_a-ctype_.o)
                0x20000714                __ctype_ptr__
 .data.lconv    0x20000718       0x38 d:/software/dave_4-4-2_64bit_2018-02-23/dave_4-4-2_64bit_2018-02-23/dave-ide-4.4.2-64bit/dave-ide-4.4.2-64bit/eclipse/arm-gcc-49/bin/../lib/gcc/arm-none-eabi/4.9.3/../../../../arm-none-eabi/lib/armv6-m\libg_nano.a(lib_a-locale.o)
 *(*.data)
 *(.gnu.linkonce.d*)
                0x20000750                . = ALIGN (0x4)
                0x20000750                PROVIDE (__preinit_array_start, .)
 *(.preinit_array)
                0x20000750                PROVIDE (__preinit_array_end, .)
                0x20000750                . = ALIGN (0x4)
                0x20000750                PROVIDE (__init_array_start, .)
 *(SORT(.init_array.*))
 *(.init_array)
                0x20000750                PROVIDE (__init_array_end, .)
                0x20000750                . = ALIGN (0x4)
                0x20000750                PROVIDE (__fini_array_start, .)
 *(SORT(.fini_array.*))
 *(.fini_array)
                0x20000750                PROVIDE (__fini_array_end, .)
                0x20000750                . = ALIGN (0x4)
                0x20000750                __data_end = .
                0x1000d2bc                DataLoadAddr = LOADADDR (.data)
                0x00000200                __data_size = (__data_end - __data_start)

.igot.plt       0x20000750        0x0 load address 0x1000d4bc
 .igot.plt      0x00000000        0x0 ./variables/variables.o

.ram_code       0x20000750        0x0 load address 0x1000d4bc
                0x20000750                . = ALIGN (0x4)
                0x20000750                __ram_code_start = .
 *(.ram_code)
                0x20000750                . = ALIGN (0x4)
                0x20000750                __ram_code_end = .
                0x1000d4bc                __ram_code_load = LOADADDR (.ram_code)
                0x00000000                __ram_code_size = (__ram_code_end - __ram_code_start)
                0x0000c4bc                __text_size = ((((__exidx_end - sText) + VeneerSize) + __data_size) + __ram_code_size)
                0x1000d4bc                eText = (sText + __text_size)

.bss            0x20000750      0x410 load address 0x1000d4bc
                0x20000750                . = ALIGN (0x4)
                0x20000750                __bss_start = .
 *(.bss)
 *(.bss*)
 .bss.toggle_timer.10959
                0x20000750        0x1 ./operation/operation.o
 .bss.isPrechargeExecuted.10968
                0x20000751        0x1 ./operation/operation.o
 .bss.toggle_timer.10967
                0x20000752        0x1 ./operation/operation.o
 .bss.isPutToStandbyExecuted.10976
                0x20000753        0x1 ./operation/operation.o
 .bss.toggle_timer.10975
                0x20000754        0x1 ./operation/operation.o
 .bss.isStandbyExecuted.10983
                0x20000755        0x1 ./operation/operation.o
 .bss.rcvState.10890
                0x20000756        0x1 ./interrupts/interrupts.o
 *fill*         0x20000757        0x1 
 .bss.head.10891
                0x20000758        0x2 ./interrupts/interrupts.o
 .bss.length.10894
                0x2000075a        0x1 ./interrupts/interrupts.o
 .bss.count.10893
                0x2000075b        0x1 ./interrupts/interrupts.o
 .bss.buffer.10895
                0x2000075c       0x20 ./interrupts/interrupts.o
 .bss.tail.10892
                0x2000077c        0x2 ./interrupts/interrupts.o
 .bss.state.10908
                0x2000077e        0x1 ./interrupts/interrupts.o
 .bss.isValid.10914
                0x2000077f        0x1 ./interrupts/interrupts.o
 .bss.length.10909
                0x20000780        0x1 ./interrupts/interrupts.o
 .bss.count.10910
                0x20000781        0x1 ./interrupts/interrupts.o
 .bss.crc.10912
                0x20000782        0x1 ./interrupts/interrupts.o
 *fill*         0x20000783        0x1 
 .bss.buffData.10913
                0x20000784        0x8 ./interrupts/interrupts.o
 .bss.sensorAvgBuff.10939
                0x2000078c       0x14 ./interrupts/interrupts.o
 .bss.counting.10951
                0x200007a0        0x1 ./interrupts/interrupts.o
 *fill*         0x200007a1        0x3 
 .bss.adc_io    0x200007a4        0x8 ./interconnect/pdu/pdu_op_conf.o
                0x200007a4                adc_io
 .bss.CAN0_rxd_config
                0x200007ac        0x8 ./interconnect/pcs/pcs_op_conf.o
                0x200007ac                CAN0_rxd_config
 .bss.button    0x200007b4        0x8 ./interconnect/gpios/gpio_op_conf.o
                0x200007b4                button
 .bss.dipswitch_config
                0x200007bc        0x8 ./interconnect/gpios/gpio_op_conf.o
                0x200007bc                dipswitch_config
 .bss.rx_genix_config
                0x200007c4        0x8 ./interconnect/genix/genix_op_conf.o
                0x200007c4                rx_genix_config
 .bss.crc_tab16_init
                0x200007cc        0x1 ./interconnect/esp32/esp32_op.o
 *fill*         0x200007cd        0x3 
 .bss.crc_tab16
                0x200007d0      0x200 ./interconnect/esp32/esp32_op.o
 .bss.buffer.7344
                0x200009d0       0x50 ./interconnect/esp32/esp32_op.o
 .bss.IDIV.5134
                0x20000a20        0x4 ./Startup/system_XMC1400.o
 .bss.FDIV.5135
                0x20000a24        0x4 ./Startup/system_XMC1400.o
 .bss.heap_ptr.4331
                0x20000a28        0x4 ./Libraries/Newlib/syscalls.o
 .bss.__malloc_sbrk_start
                0x20000a2c        0x4 d:/software/dave_4-4-2_64bit_2018-02-23/dave_4-4-2_64bit_2018-02-23/dave-ide-4.4.2-64bit/dave-ide-4.4.2-64bit/eclipse/arm-gcc-49/bin/../lib/gcc/arm-none-eabi/4.9.3/../../../../arm-none-eabi/lib/armv6-m\libg_nano.a(lib_a-nano-mallocr.o)
                0x20000a2c                __malloc_sbrk_start
 .bss.__malloc_free_list
                0x20000a30        0x4 d:/software/dave_4-4-2_64bit_2018-02-23/dave_4-4-2_64bit_2018-02-23/dave-ide-4.4.2-64bit/dave-ide-4.4.2-64bit/eclipse/arm-gcc-49/bin/../lib/gcc/arm-none-eabi/4.9.3/../../../../arm-none-eabi/lib/armv6-m\libg_nano.a(lib_a-nano-mallocr.o)
                0x20000a30                __malloc_free_list
 *(COMMON)
 COMMON         0x20000a34      0x120 ./variables/variables.o
                0x20000a34                pcsVoltages
                0x20000a3c                bmsSensor
                0x20000a44                pcsPVconvStatus
                0x20000a48                data_group
                0x20000a98                sysTickParamHandle
                0x20000aa0                pcsACinvStatus
                0x20000aa4                pcsCurrents
                0x20000aac                buffptr
                0x20000ab0                pduSensorRaw
                0x20000ab8                pcsBatconvStatus
                0x20000abc                pduSensorAvg
                0x20000ad0                pcsMiscs
                0x20000ad4                genix_data
                0x20000adc                pcsDCgridStatus
                0x20000ae0                espBuffer
                0x20000b30                pcsPowers
                0x20000b38                pduSensor
                0x20000b48                pcsSystemStatus
                0x20000b50                pcsBmsStatus
 COMMON         0x20000b54        0x7 ./operation/operation.o
                0x20000b54                controlFlag
                0x20000b5a                mcu_state
 *fill*         0x20000b5b        0x1 
 COMMON         0x20000b5c        0x4 d:/software/dave_4-4-2_64bit_2018-02-23/dave_4-4-2_64bit_2018-02-23/dave-ide-4.4.2-64bit/dave-ide-4.4.2-64bit/eclipse/arm-gcc-49/bin/../lib/gcc/arm-none-eabi/4.9.3/../../../../arm-none-eabi/lib/armv6-m\libg_nano.a(lib_a-reent.o)
                0x20000b5c                errno
 *(.gnu.linkonce.b*)
                0x20000b60                . = ALIGN (0x4)
                0x20000b60                __bss_end = .
                0x20000b60                . = ALIGN (0x8)
                0x20000b60                Heap_Bank1_Start = .
                0x00000410                __bss_size = (__bss_end - __bss_start)

.no_init        0x20003ffc        0x4 load address 0x00003eac
                0x20003ffc                Heap_Bank1_End = .
 *(.no_init)
 .no_init       0x20003ffc        0x4 ./Startup/system_XMC1400.o
                0x20003ffc                SystemCoreClock
                0x0000349c                Heap_Bank1_Size = (Heap_Bank1_End - Heap_Bank1_Start)
                0x00000001                ASSERT ((Heap_Bank1_Start <= Heap_Bank1_End), region SRAM overflowed no_init section)

/DISCARD/
 *(.comment)

.stab
 *(.stab)

.stabstr
 *(.stabstr)

.debug
 *(.debug)

.line
 *(.line)

.debug_srcinfo
 *(.debug_srcinfo)

.debug_sfnames
 *(.debug_sfnames)

.debug_aranges  0x00000000      0xca8
 *(.debug_aranges)
 .debug_aranges
                0x00000000       0x18 ./variables/variables.o
 .debug_aranges
                0x00000018       0x60 ./operation/operation.o
 .debug_aranges
                0x00000078       0x88 ./interrupts/interrupts.o
 .debug_aranges
                0x00000100       0x68 ./interconnect/timing/timing_op.o
 .debug_aranges
                0x00000168       0x18 ./interconnect/timing/timing_op_conf.o
 .debug_aranges
                0x00000180       0x68 ./interconnect/pdu/pdu_op.o
 .debug_aranges
                0x000001e8       0x18 ./interconnect/pdu/pdu_op_conf.o
 .debug_aranges
                0x00000200       0xb0 ./interconnect/pcs/pcs_op.o
 .debug_aranges
                0x000002b0       0x18 ./interconnect/pcs/pcs_op_conf.o
 .debug_aranges
                0x000002c8       0x28 ./interconnect/gpios/gpio_op.o
 .debug_aranges
                0x000002f0       0x18 ./interconnect/gpios/gpio_op_conf.o
 .debug_aranges
                0x00000308       0x70 ./interconnect/genix/genix_op.o
 .debug_aranges
                0x00000378       0x18 ./interconnect/genix/genix_op_conf.o
 .debug_aranges
                0x00000390       0x88 ./interconnect/esp32/esp32_op.o
 .debug_aranges
                0x00000418       0x18 ./interconnect/esp32/esp32_op_conf.o
 .debug_aranges
                0x00000430       0x28 ./Startup/startup_XMC1400.o
 .debug_aranges
                0x00000458       0x40 ./Startup/system_XMC1400.o
 .debug_aranges
                0x00000498       0x28 ./Libraries/XMCLib/src/xmc1_gpio.o
 .debug_aranges
                0x000004c0      0x158 ./Libraries/XMCLib/src/xmc1_scu.o
 .debug_aranges
                0x00000618      0x120 ./Libraries/XMCLib/src/xmc_can.o
 .debug_aranges
                0x00000738      0x128 ./Libraries/XMCLib/src/xmc_ccu4.o
 .debug_aranges
                0x00000860       0x78 ./Libraries/XMCLib/src/xmc_uart.o
 .debug_aranges
                0x000008d8       0xb0 ./Libraries/XMCLib/src/xmc_usic.o
 .debug_aranges
                0x00000988      0x2d0 ./Libraries/XMCLib/src/xmc_vadc.o
 .debug_aranges
                0x00000c58       0x28 ./Libraries/Newlib/syscalls.o
 .debug_aranges
                0x00000c80       0x28 ./main.o

.debug_pubnames
 *(.debug_pubnames)

.debug_pubtypes
 *(.debug_pubtypes)

.debug_info     0x00000000    0x1bd8e
 *(.debug_info .gnu.linkonce.wi.*)
 .debug_info    0x00000000     0x1dfb ./variables/variables.o
 .debug_info    0x00001dfb     0x2408 ./operation/operation.o
 .debug_info    0x00004203     0x3064 ./interrupts/interrupts.o
 .debug_info    0x00007267      0xc36 ./interconnect/timing/timing_op.o
 .debug_info    0x00007e9d      0x3c0 ./interconnect/timing/timing_op_conf.o
 .debug_info    0x0000825d     0x1be1 ./interconnect/pdu/pdu_op.o
 .debug_info    0x00009e3e      0xf04 ./interconnect/pdu/pdu_op_conf.o
 .debug_info    0x0000ad42     0x1a08 ./interconnect/pcs/pcs_op.o
 .debug_info    0x0000c74a      0x6f6 ./interconnect/pcs/pcs_op_conf.o
 .debug_info    0x0000ce40      0x547 ./interconnect/gpios/gpio_op.o
 .debug_info    0x0000d387      0x37d ./interconnect/gpios/gpio_op_conf.o
 .debug_info    0x0000d704     0x12cc ./interconnect/genix/genix_op.o
 .debug_info    0x0000e9d0      0x43b ./interconnect/genix/genix_op_conf.o
 .debug_info    0x0000ee0b     0x163a ./interconnect/esp32/esp32_op.o
 .debug_info    0x00010445      0x43b ./interconnect/esp32/esp32_op_conf.o
 .debug_info    0x00010880       0x80 ./Startup/startup_XMC1400.o
 .debug_info    0x00010900      0x429 ./Startup/system_XMC1400.o
 .debug_info    0x00010d29      0x4f1 ./Libraries/XMCLib/src/xmc1_gpio.o
 .debug_info    0x0001121a     0x1482 ./Libraries/XMCLib/src/xmc1_scu.o
 .debug_info    0x0001269c     0x1333 ./Libraries/XMCLib/src/xmc_can.o
 .debug_info    0x000139cf     0x1592 ./Libraries/XMCLib/src/xmc_ccu4.o
 .debug_info    0x00014f61      0x995 ./Libraries/XMCLib/src/xmc_uart.o
 .debug_info    0x000158f6      0xd21 ./Libraries/XMCLib/src/xmc_usic.o
 .debug_info    0x00016617     0x35d1 ./Libraries/XMCLib/src/xmc_vadc.o
 .debug_info    0x00019be8      0x11f ./Libraries/Newlib/syscalls.o
 .debug_info    0x00019d07     0x2087 ./main.o

.debug_abbrev   0x00000000     0x2e34
 *(.debug_abbrev)
 .debug_abbrev  0x00000000      0x1a8 ./variables/variables.o
 .debug_abbrev  0x000001a8      0x26c ./operation/operation.o
 .debug_abbrev  0x00000414      0x2c7 ./interrupts/interrupts.o
 .debug_abbrev  0x000006db      0x1c0 ./interconnect/timing/timing_op.o
 .debug_abbrev  0x0000089b      0x12a ./interconnect/timing/timing_op_conf.o
 .debug_abbrev  0x000009c5      0x22c ./interconnect/pdu/pdu_op.o
 .debug_abbrev  0x00000bf1      0x178 ./interconnect/pdu/pdu_op_conf.o
 .debug_abbrev  0x00000d69      0x293 ./interconnect/pcs/pcs_op.o
 .debug_abbrev  0x00000ffc      0x197 ./interconnect/pcs/pcs_op_conf.o
 .debug_abbrev  0x00001193      0x14f ./interconnect/gpios/gpio_op.o
 .debug_abbrev  0x000012e2       0xe2 ./interconnect/gpios/gpio_op_conf.o
 .debug_abbrev  0x000013c4      0x242 ./interconnect/genix/genix_op.o
 .debug_abbrev  0x00001606       0xde ./interconnect/genix/genix_op_conf.o
 .debug_abbrev  0x000016e4      0x294 ./interconnect/esp32/esp32_op.o
 .debug_abbrev  0x00001978       0xde ./interconnect/esp32/esp32_op_conf.o
 .debug_abbrev  0x00001a56       0x12 ./Startup/startup_XMC1400.o
 .debug_abbrev  0x00001a68      0x165 ./Startup/system_XMC1400.o
 .debug_abbrev  0x00001bcd      0x108 ./Libraries/XMCLib/src/xmc1_gpio.o
 .debug_abbrev  0x00001cd5      0x2b2 ./Libraries/XMCLib/src/xmc1_scu.o
 .debug_abbrev  0x00001f87      0x2f7 ./Libraries/XMCLib/src/xmc_can.o
 .debug_abbrev  0x0000227e      0x221 ./Libraries/XMCLib/src/xmc_ccu4.o
 .debug_abbrev  0x0000249f      0x214 ./Libraries/XMCLib/src/xmc_uart.o
 .debug_abbrev  0x000026b3      0x23b ./Libraries/XMCLib/src/xmc_usic.o
 .debug_abbrev  0x000028ee      0x28b ./Libraries/XMCLib/src/xmc_vadc.o
 .debug_abbrev  0x00002b79       0xbd ./Libraries/Newlib/syscalls.o
 .debug_abbrev  0x00002c36      0x1fe ./main.o

.debug_line     0x00000000     0x7c7b
 *(.debug_line)
 .debug_line    0x00000000      0x59f ./variables/variables.o
 .debug_line    0x0000059f      0x7ca ./operation/operation.o
 .debug_line    0x00000d69      0x978 ./interrupts/interrupts.o
 .debug_line    0x000016e1      0x3fd ./interconnect/timing/timing_op.o
 .debug_line    0x00001ade      0x2e5 ./interconnect/timing/timing_op_conf.o
 .debug_line    0x00001dc3      0x451 ./interconnect/pdu/pdu_op.o
 .debug_line    0x00002214      0x2ee ./interconnect/pdu/pdu_op_conf.o
 .debug_line    0x00002502      0x62c ./interconnect/pcs/pcs_op.o
 .debug_line    0x00002b2e      0x308 ./interconnect/pcs/pcs_op_conf.o
 .debug_line    0x00002e36      0x32d ./interconnect/gpios/gpio_op.o
 .debug_line    0x00003163      0x2f1 ./interconnect/gpios/gpio_op_conf.o
 .debug_line    0x00003454      0x465 ./interconnect/genix/genix_op.o
 .debug_line    0x000038b9      0x300 ./interconnect/genix/genix_op_conf.o
 .debug_line    0x00003bb9      0x567 ./interconnect/esp32/esp32_op.o
 .debug_line    0x00004120      0x300 ./interconnect/esp32/esp32_op_conf.o
 .debug_line    0x00004420       0xe2 ./Startup/startup_XMC1400.o
 .debug_line    0x00004502      0x2d5 ./Startup/system_XMC1400.o
 .debug_line    0x000047d7      0x299 ./Libraries/XMCLib/src/xmc1_gpio.o
 .debug_line    0x00004a70      0x6c1 ./Libraries/XMCLib/src/xmc1_scu.o
 .debug_line    0x00005131      0x758 ./Libraries/XMCLib/src/xmc_can.o
 .debug_line    0x00005889      0x670 ./Libraries/XMCLib/src/xmc_ccu4.o
 .debug_line    0x00005ef9      0x41b ./Libraries/XMCLib/src/xmc_uart.o
 .debug_line    0x00006314      0x566 ./Libraries/XMCLib/src/xmc_usic.o
 .debug_line    0x0000687a      0xc65 ./Libraries/XMCLib/src/xmc_vadc.o
 .debug_line    0x000074df      0x110 ./Libraries/Newlib/syscalls.o
 .debug_line    0x000075ef      0x68c ./main.o

.debug_frame    0x00000000     0x37b8
 *(.debug_frame)
 .debug_frame   0x00000000      0x130 ./operation/operation.o
 .debug_frame   0x00000130      0x1d4 ./interrupts/interrupts.o
 .debug_frame   0x00000304      0x154 ./interconnect/timing/timing_op.o
 .debug_frame   0x00000458      0x14c ./interconnect/pdu/pdu_op.o
 .debug_frame   0x000005a4      0x274 ./interconnect/pcs/pcs_op.o
 .debug_frame   0x00000818       0x4c ./interconnect/gpios/gpio_op.o
 .debug_frame   0x00000864      0x174 ./interconnect/genix/genix_op.o
 .debug_frame   0x000009d8      0x1d8 ./interconnect/esp32/esp32_op.o
 .debug_frame   0x00000bb0       0x9c ./Startup/system_XMC1400.o
 .debug_frame   0x00000c4c       0x58 ./Libraries/XMCLib/src/xmc1_gpio.o
 .debug_frame   0x00000ca4      0x51c ./Libraries/XMCLib/src/xmc1_scu.o
 .debug_frame   0x000011c0      0x438 ./Libraries/XMCLib/src/xmc_can.o
 .debug_frame   0x000015f8      0x458 ./Libraries/XMCLib/src/xmc_ccu4.o
 .debug_frame   0x00001a50      0x194 ./Libraries/XMCLib/src/xmc_uart.o
 .debug_frame   0x00001be4      0x27c ./Libraries/XMCLib/src/xmc_usic.o
 .debug_frame   0x00001e60      0xaf4 ./Libraries/XMCLib/src/xmc_vadc.o
 .debug_frame   0x00002954       0x4c ./Libraries/Newlib/syscalls.o
 .debug_frame   0x000029a0       0x54 ./main.o
 .debug_frame   0x000029f4       0x20 d:/software/dave_4-4-2_64bit_2018-02-23/dave_4-4-2_64bit_2018-02-23/dave-ide-4.4.2-64bit/dave-ide-4.4.2-64bit/eclipse/arm-gcc-49/bin/../lib/gcc/arm-none-eabi/4.9.3/armv6-m\libgcc.a(_udivsi3.o)
 .debug_frame   0x00002a14       0x20 d:/software/dave_4-4-2_64bit_2018-02-23/dave_4-4-2_64bit_2018-02-23/dave-ide-4.4.2-64bit/dave-ide-4.4.2-64bit/eclipse/arm-gcc-49/bin/../lib/gcc/arm-none-eabi/4.9.3/armv6-m\libgcc.a(_divsi3.o)
 .debug_frame   0x00002a34       0x28 d:/software/dave_4-4-2_64bit_2018-02-23/dave_4-4-2_64bit_2018-02-23/dave-ide-4.4.2-64bit/dave-ide-4.4.2-64bit/eclipse/arm-gcc-49/bin/../lib/gcc/arm-none-eabi/4.9.3/armv6-m\libgcc.a(_fixunssfsi.o)
 .debug_frame   0x00002a5c       0x2c d:/software/dave_4-4-2_64bit_2018-02-23/dave_4-4-2_64bit_2018-02-23/dave-ide-4.4.2-64bit/dave-ide-4.4.2-64bit/eclipse/arm-gcc-49/bin/../lib/gcc/arm-none-eabi/4.9.3/armv6-m\libgcc.a(eqsf2.o)
 .debug_frame   0x00002a88       0x30 d:/software/dave_4-4-2_64bit_2018-02-23/dave_4-4-2_64bit_2018-02-23/dave-ide-4.4.2-64bit/dave-ide-4.4.2-64bit/eclipse/arm-gcc-49/bin/../lib/gcc/arm-none-eabi/4.9.3/armv6-m\libgcc.a(gesf2.o)
 .debug_frame   0x00002ab8       0x30 d:/software/dave_4-4-2_64bit_2018-02-23/dave_4-4-2_64bit_2018-02-23/dave-ide-4.4.2-64bit/dave-ide-4.4.2-64bit/eclipse/arm-gcc-49/bin/../lib/gcc/arm-none-eabi/4.9.3/armv6-m\libgcc.a(lesf2.o)
 .debug_frame   0x00002ae8       0x3c d:/software/dave_4-4-2_64bit_2018-02-23/dave_4-4-2_64bit_2018-02-23/dave-ide-4.4.2-64bit/dave-ide-4.4.2-64bit/eclipse/arm-gcc-49/bin/../lib/gcc/arm-none-eabi/4.9.3/armv6-m\libgcc.a(mulsf3.o)
 .debug_frame   0x00002b24       0x30 d:/software/dave_4-4-2_64bit_2018-02-23/dave_4-4-2_64bit_2018-02-23/dave-ide-4.4.2-64bit/dave-ide-4.4.2-64bit/eclipse/arm-gcc-49/bin/../lib/gcc/arm-none-eabi/4.9.3/armv6-m\libgcc.a(subsf3.o)
 .debug_frame   0x00002b54       0x20 d:/software/dave_4-4-2_64bit_2018-02-23/dave_4-4-2_64bit_2018-02-23/dave-ide-4.4.2-64bit/dave-ide-4.4.2-64bit/eclipse/arm-gcc-49/bin/../lib/gcc/arm-none-eabi/4.9.3/armv6-m\libgcc.a(fixsfsi.o)
 .debug_frame   0x00002b74       0x2c d:/software/dave_4-4-2_64bit_2018-02-23/dave_4-4-2_64bit_2018-02-23/dave-ide-4.4.2-64bit/dave-ide-4.4.2-64bit/eclipse/arm-gcc-49/bin/../lib/gcc/arm-none-eabi/4.9.3/armv6-m\libgcc.a(floatsisf.o)
 .debug_frame   0x00002ba0       0x38 d:/software/dave_4-4-2_64bit_2018-02-23/dave_4-4-2_64bit_2018-02-23/dave-ide-4.4.2-64bit/dave-ide-4.4.2-64bit/eclipse/arm-gcc-49/bin/../lib/gcc/arm-none-eabi/4.9.3/armv6-m\libgcc.a(adddf3.o)
 .debug_frame   0x00002bd8       0x38 d:/software/dave_4-4-2_64bit_2018-02-23/dave_4-4-2_64bit_2018-02-23/dave-ide-4.4.2-64bit/dave-ide-4.4.2-64bit/eclipse/arm-gcc-49/bin/../lib/gcc/arm-none-eabi/4.9.3/armv6-m\libgcc.a(eqdf2.o)
 .debug_frame   0x00002c10       0x38 d:/software/dave_4-4-2_64bit_2018-02-23/dave_4-4-2_64bit_2018-02-23/dave-ide-4.4.2-64bit/dave-ide-4.4.2-64bit/eclipse/arm-gcc-49/bin/../lib/gcc/arm-none-eabi/4.9.3/armv6-m\libgcc.a(gedf2.o)
 .debug_frame   0x00002c48       0x38 d:/software/dave_4-4-2_64bit_2018-02-23/dave_4-4-2_64bit_2018-02-23/dave-ide-4.4.2-64bit/dave-ide-4.4.2-64bit/eclipse/arm-gcc-49/bin/../lib/gcc/arm-none-eabi/4.9.3/armv6-m\libgcc.a(ledf2.o)
 .debug_frame   0x00002c80       0x3c d:/software/dave_4-4-2_64bit_2018-02-23/dave_4-4-2_64bit_2018-02-23/dave-ide-4.4.2-64bit/dave-ide-4.4.2-64bit/eclipse/arm-gcc-49/bin/../lib/gcc/arm-none-eabi/4.9.3/armv6-m\libgcc.a(muldf3.o)
 .debug_frame   0x00002cbc       0x3c d:/software/dave_4-4-2_64bit_2018-02-23/dave_4-4-2_64bit_2018-02-23/dave-ide-4.4.2-64bit/dave-ide-4.4.2-64bit/eclipse/arm-gcc-49/bin/../lib/gcc/arm-none-eabi/4.9.3/armv6-m\libgcc.a(subdf3.o)
 .debug_frame   0x00002cf8       0x2c d:/software/dave_4-4-2_64bit_2018-02-23/dave_4-4-2_64bit_2018-02-23/dave-ide-4.4.2-64bit/dave-ide-4.4.2-64bit/eclipse/arm-gcc-49/bin/../lib/gcc/arm-none-eabi/4.9.3/armv6-m\libgcc.a(floatsidf.o)
 .debug_frame   0x00002d24       0x28 d:/software/dave_4-4-2_64bit_2018-02-23/dave_4-4-2_64bit_2018-02-23/dave-ide-4.4.2-64bit/dave-ide-4.4.2-64bit/eclipse/arm-gcc-49/bin/../lib/gcc/arm-none-eabi/4.9.3/armv6-m\libgcc.a(floatunsidf.o)
 .debug_frame   0x00002d4c       0x2c d:/software/dave_4-4-2_64bit_2018-02-23/dave_4-4-2_64bit_2018-02-23/dave-ide-4.4.2-64bit/dave-ide-4.4.2-64bit/eclipse/arm-gcc-49/bin/../lib/gcc/arm-none-eabi/4.9.3/armv6-m\libgcc.a(extendsfdf2.o)
 .debug_frame   0x00002d78       0x2c d:/software/dave_4-4-2_64bit_2018-02-23/dave_4-4-2_64bit_2018-02-23/dave-ide-4.4.2-64bit/dave-ide-4.4.2-64bit/eclipse/arm-gcc-49/bin/../lib/gcc/arm-none-eabi/4.9.3/armv6-m\libgcc.a(truncdfsf2.o)
 .debug_frame   0x00002da4       0x20 d:/software/dave_4-4-2_64bit_2018-02-23/dave_4-4-2_64bit_2018-02-23/dave-ide-4.4.2-64bit/dave-ide-4.4.2-64bit/eclipse/arm-gcc-49/bin/../lib/gcc/arm-none-eabi/4.9.3/../../../../arm-none-eabi/lib/armv6-m\libg_nano.a(lib_a-errno.o)
 .debug_frame   0x00002dc4       0x2c d:/software/dave_4-4-2_64bit_2018-02-23/dave_4-4-2_64bit_2018-02-23/dave-ide-4.4.2-64bit/dave-ide-4.4.2-64bit/eclipse/arm-gcc-49/bin/../lib/gcc/arm-none-eabi/4.9.3/../../../../arm-none-eabi/lib/armv6-m\libg_nano.a(lib_a-init.o)
 .debug_frame   0x00002df0       0x28 d:/software/dave_4-4-2_64bit_2018-02-23/dave_4-4-2_64bit_2018-02-23/dave-ide-4.4.2-64bit/dave-ide-4.4.2-64bit/eclipse/arm-gcc-49/bin/../lib/gcc/arm-none-eabi/4.9.3/../../../../arm-none-eabi/lib/armv6-m\libg_nano.a(lib_a-memcpy.o)
 .debug_frame   0x00002e18       0x74 d:/software/dave_4-4-2_64bit_2018-02-23/dave_4-4-2_64bit_2018-02-23/dave-ide-4.4.2-64bit/dave-ide-4.4.2-64bit/eclipse/arm-gcc-49/bin/../lib/gcc/arm-none-eabi/4.9.3/../../../../arm-none-eabi/lib/armv6-m\libg_nano.a(lib_a-nano-vfprintf_float.o)
 .debug_frame   0x00002e8c       0x54 d:/software/dave_4-4-2_64bit_2018-02-23/dave_4-4-2_64bit_2018-02-23/dave-ide-4.4.2-64bit/dave-ide-4.4.2-64bit/eclipse/arm-gcc-49/bin/../lib/gcc/arm-none-eabi/4.9.3/../../../../arm-none-eabi/lib/armv6-m\libg_nano.a(lib_a-nano-vfprintf_i.o)